Archive member included because of file (symbol)

c:/program files (x86)/gnu tools arm embedded/4.9 2015q3/bin/../lib/gcc/arm-none-eabi/4.9.3/armv6-m\libgcc.a(_udivsi3.o)
                              ..\obj\tcpip.o (__aeabi_uidiv)
c:/program files (x86)/gnu tools arm embedded/4.9 2015q3/bin/../lib/gcc/arm-none-eabi/4.9.3/armv6-m\libgcc.a(_divsi3.o)
                              ..\obj\utils.o (__aeabi_idiv)
c:/program files (x86)/gnu tools arm embedded/4.9 2015q3/bin/../lib/gcc/arm-none-eabi/4.9.3/armv6-m\libgcc.a(_dvmd_tls.o)
                              c:/program files (x86)/gnu tools arm embedded/4.9 2015q3/bin/../lib/gcc/arm-none-eabi/4.9.3/armv6-m\libgcc.a(_udivsi3.o) (__aeabi_idiv0)
c:/program files (x86)/gnu tools arm embedded/4.9 2015q3/bin/../lib/gcc/arm-none-eabi/4.9.3/armv6-m\libgcc.a(_aeabi_uldivmod.o)
                              ..\obj\roll-tm.o (__aeabi_uldivmod)
c:/program files (x86)/gnu tools arm embedded/4.9 2015q3/bin/../lib/gcc/arm-none-eabi/4.9.3/armv6-m\libgcc.a(_muldi3.o)
                              ..\obj\rpl-timers.o (__aeabi_lmul)
c:/program files (x86)/gnu tools arm embedded/4.9 2015q3/bin/../lib/gcc/arm-none-eabi/4.9.3/armv6-m\libgcc.a(bpabi.o)
                              c:/program files (x86)/gnu tools arm embedded/4.9 2015q3/bin/../lib/gcc/arm-none-eabi/4.9.3/armv6-m\libgcc.a(_aeabi_uldivmod.o) (__gnu_uldivmod_helper)
c:/program files (x86)/gnu tools arm embedded/4.9 2015q3/bin/../lib/gcc/arm-none-eabi/4.9.3/armv6-m\libgcc.a(_divdi3.o)
                              c:/program files (x86)/gnu tools arm embedded/4.9 2015q3/bin/../lib/gcc/arm-none-eabi/4.9.3/armv6-m\libgcc.a(bpabi.o) (__divdi3)
c:/program files (x86)/gnu tools arm embedded/4.9 2015q3/bin/../lib/gcc/arm-none-eabi/4.9.3/armv6-m\libgcc.a(_udivdi3.o)
                              c:/program files (x86)/gnu tools arm embedded/4.9 2015q3/bin/../lib/gcc/arm-none-eabi/4.9.3/armv6-m\libgcc.a(bpabi.o) (__udivdi3)
c:/program files (x86)/gnu tools arm embedded/4.9 2015q3/bin/../lib/gcc/arm-none-eabi/4.9.3/armv6-m\libgcc.a(_clzdi2.o)
                              c:/program files (x86)/gnu tools arm embedded/4.9 2015q3/bin/../lib/gcc/arm-none-eabi/4.9.3/armv6-m\libgcc.a(_divdi3.o) (__clzdi2)
c:/program files (x86)/gnu tools arm embedded/4.9 2015q3/bin/../lib/gcc/arm-none-eabi/4.9.3/armv6-m\libgcc.a(_clzsi2.o)
                              c:/program files (x86)/gnu tools arm embedded/4.9 2015q3/bin/../lib/gcc/arm-none-eabi/4.9.3/armv6-m\libgcc.a(_clzdi2.o) (__clzsi2)
c:/program files (x86)/gnu tools arm embedded/4.9 2015q3/bin/../lib/gcc/arm-none-eabi/4.9.3/../../../../arm-none-eabi/lib/armv6-m\libg_nano.a(lib_a-exit.o)
                              ..\obj\watchdog.o (exit)
c:/program files (x86)/gnu tools arm embedded/4.9 2015q3/bin/../lib/gcc/arm-none-eabi/4.9.3/../../../../arm-none-eabi/lib/armv6-m\libg_nano.a(lib_a-impure.o)
                              c:/program files (x86)/gnu tools arm embedded/4.9 2015q3/bin/../lib/gcc/arm-none-eabi/4.9.3/../../../../arm-none-eabi/lib/armv6-m\libg_nano.a(lib_a-exit.o) (_global_impure_ptr)
c:/program files (x86)/gnu tools arm embedded/4.9 2015q3/bin/../lib/gcc/arm-none-eabi/4.9.3/../../../../arm-none-eabi/lib/armv6-m\libg_nano.a(lib_a-memcmp.o)
                              ..\obj\slip-bridge.o (memcmp)
c:/program files (x86)/gnu tools arm embedded/4.9 2015q3/bin/../lib/gcc/arm-none-eabi/4.9.3/../../../../arm-none-eabi/lib/armv6-m\libg_nano.a(lib_a-memcpy.o)
                              ..\obj\slip-bridge.o (memcpy)
c:/program files (x86)/gnu tools arm embedded/4.9 2015q3/bin/../lib/gcc/arm-none-eabi/4.9.3/../../../../arm-none-eabi/lib/armv6-m\libg_nano.a(lib_a-memmove.o)
                              ..\obj\uip-icmp6.o (memmove)
c:/program files (x86)/gnu tools arm embedded/4.9 2015q3/bin/../lib/gcc/arm-none-eabi/4.9.3/../../../../arm-none-eabi/lib/armv6-m\libg_nano.a(lib_a-memset.o)
                              ..\obj\roll-tm.o (memset)
c:/program files (x86)/gnu tools arm embedded/4.9 2015q3/bin/../lib/gcc/arm-none-eabi/4.9.3/../../../../arm-none-eabi/lib/armv6-m\libg_nano.a(lib_a-printf.o)
                              ..\obj\slip-bridge.o (printf)
c:/program files (x86)/gnu tools arm embedded/4.9 2015q3/bin/../lib/gcc/arm-none-eabi/4.9.3/../../../../arm-none-eabi/lib/armv6-m\libg_nano.a(lib_a-puts.o)
                              ..\obj\rpl-dag.o (puts)
c:/program files (x86)/gnu tools arm embedded/4.9 2015q3/bin/../lib/gcc/arm-none-eabi/4.9.3/../../../../arm-none-eabi/lib/armv6-m\libg_nano.a(lib_a-rand.o)
                              ..\obj\random.o (srand)
c:/program files (x86)/gnu tools arm embedded/4.9 2015q3/bin/../lib/gcc/arm-none-eabi/4.9.3/../../../../arm-none-eabi/lib/armv6-m\libg_nano.a(lib_a-snprintf.o)
                              ..\obj\border-router.o (snprintf)
c:/program files (x86)/gnu tools arm embedded/4.9 2015q3/bin/../lib/gcc/arm-none-eabi/4.9.3/../../../../arm-none-eabi/lib/armv6-m\libg_nano.a(lib_a-strcmp.o)
[...]
Memory Configuration

Name             Origin             Length             Attributes
rom              0x00000000         0x00020000         xr
ram              0x1ffff000         0x00004000         xrw
*default*        0x00000000         0xffffffff

Linker script and memory map

                0x20003000                _eram = 0x20003000

.text           0x00000000     0xda6f
 *(.isr_vector)
 .isr_vector    0x00000000      0x410 ..\obj\startup_coide.o
                0x00000000                g_pfnVectors
 *(.text*)
 .text.slip_arch_init
                0x00000410       0x10 ..\obj\slip-arch.o
                0x00000410                slip_arch_init
 .text.slip_arch_writeb
                0x00000420       0x28 ..\obj\slip-arch.o
                0x00000420                slip_arch_writeb
 .text.DefaultIntHandler
                0x00000448        0x4 ..\obj\startup_coide.o
                0x00000448                SysTickIntHandler
                0x00000448                BusFaultIntHandler
                0x00000448                NMIIntHandler
                0x00000448                UsageFaultIntHandler
                0x00000448                MemManageIntHandler
                0x00000448                SVCIntHandler
                0x00000448                DebugMonIntHandler
                0x00000448                PendSVIntHandler
 .text.DefaultIntHandler2
                0x0000044c        0x4 ..\obj\startup_coide.o
                0x0000044c                HardFaultIntHandler
 .text.Default_ResetHandler
                0x00000450       0x70 ..\obj\startup_coide.o
                0x00000450                RTCSIntHandler
                0x00000450                FTM1IntHandler
                0x00000450                USBOTGIntHandler
                0x00000450                FTM2IntHandler
                0x00000450                I2C1IntHandler
                0x00000450                Default_ResetHandler
                0x00000450                DMA1IntHandler
                0x00000450                DACIntHandler
                0x00000450                ACMPIntHandler
                0x00000450                ResetHandler
                0x00000450                LVDIntHandler
                0x00000450                SPI1IntHandler
                0x00000450                FTFAIntHandler
                0x00000450                ADCIntHandler
                0x00000450                DMA0IntHandler
                0x00000450                I2C0IntHandler
                0x00000450                FTM0IntHandler
                0x00000450                LLWUIntHandler
                0x00000450                MCGIntHandler
                0x00000450                RTCAIntHandler
                0x00000450                SPI0IntHandler
                0x00000450                TSIIntHandler
                0x00000450                LPTMRIntHandler
                0x00000450                PITIntHandler
                0x00000450                DMA3IntHandler
                0x00000450                DMA2IntHandler
 .text.output   0x000004c0       0x4c ..\obj\slip-bridge.o
 .text.init     0x0000050c       0x20 ..\obj\slip-bridge.o
 .text.slip_input_callback
                0x0000052c       0xd0 ..\obj\slip-bridge.o
 .text.putchar  0x000005fc       0x3c ..\obj\slip-bridge.o
                0x000005fc                putchar
 .text.call_route_callback
                0x00000638       0x54 ..\obj\uip-ds6-route.o
 .text.uip_ds6_route_init
                0x0000068c       0x40 ..\obj\uip-ds6-route.o
                0x0000068c                uip_ds6_route_init
 .text.uip_ds6_route_nexthop
                0x000006cc       0x20 ..\obj\uip-ds6-route.o
                0x000006cc                uip_ds6_route_nexthop
 .text.uip_ds6_route_head
                0x000006ec       0x10 ..\obj\uip-ds6-route.o
                0x000006ec                uip_ds6_route_head
 .text.uip_ds6_route_next
                0x000006fc       0x10 ..\obj\uip-ds6-route.o
                0x000006fc                uip_ds6_route_next
 .text.uip_ds6_route_lookup
                0x0000070c       0x78 ..\obj\uip-ds6-route.o
                0x0000070c                uip_ds6_route_lookup
 .text.uip_ds6_route_rm
                0x00000784       0xa4 ..\obj\uip-ds6-route.o
                0x00000784                uip_ds6_route_rm
 .text.rm_routelist
                0x00000828       0x38 ..\obj\uip-ds6-route.o
 .text.rm_routelist_callback
                0x00000860        0x8 ..\obj\uip-ds6-route.o
 .text.uip_ds6_route_add
                0x00000868      0x10c ..\obj\uip-ds6-route.o
                0x00000868                uip_ds6_route_add
 .text.uip_ds6_defrt_rm
                0x00000974       0x4c ..\obj\uip-ds6-route.o
                0x00000974                uip_ds6_defrt_rm
 .text.uip_ds6_defrt_lookup
                0x000009c0       0x38 ..\obj\uip-ds6-route.o
                0x000009c0                uip_ds6_defrt_lookup
 .text.uip_ds6_defrt_add
                0x000009f8       0x60 ..\obj\uip-ds6-route.o
                0x000009f8                uip_ds6_defrt_add
 .text.uip_ds6_defrt_choose
                0x00000a58       0x38 ..\obj\uip-ds6-route.o
                0x00000a58                uip_ds6_defrt_choose
 .text.uip_ds6_defrt_periodic
                0x00000a90       0x48 ..\obj\uip-ds6-route.o
                0x00000a90                uip_ds6_defrt_periodic
 .text.xIntEnable
                0x00000ad8       0x8c ..\obj\xcore.o
                0x00000ad8                xIntEnable
 .text.timer_set
                0x00000b64       0x14 ..\obj\timer.o
                0x00000b64                timer_set
 .text.timer_reset
                0x00000b78       0x14 ..\obj\timer.o
                0x00000b78                timer_reset
 .text.timer_restart
                0x00000b8c       0x10 ..\obj\timer.o
                0x00000b8c                timer_restart
 .text.timer_expired
                0x00000b9c       0x30 ..\obj\timer.o
                0x00000b9c                timer_expired
 .text.echo_reply_input
                0x00000bcc       0xa8 ..\obj\uip-icmp6.o
 .text.echo_request_input
                0x00000c74       0xc8 ..\obj\uip-icmp6.o
 .text.uip_icmp6_input
                0x00000d3c       0x50 ..\obj\uip-icmp6.o
                0x00000d3c                uip_icmp6_input
 .text.uip_icmp6_register_input_handler
                0x00000d8c       0x14 ..\obj\uip-icmp6.o
                0x00000d8c                uip_icmp6_register_input_handler
 .text.uip_icmp6_error_output
                0x00000da0      0x184 ..\obj\uip-icmp6.o
                0x00000da0                uip_icmp6_error_output
 .text.uip_icmp6_send
                0x00000f24       0x88 ..\obj\uip-icmp6.o
                0x00000f24                uip_icmp6_send
 .text.uip_icmp6_init
                0x00000fac       0x18 ..\obj\uip-icmp6.o
                0x00000fac                uip_icmp6_init
 .text.main_app
                0x00000fc4       0x54 ..\obj\main_app.o
                0x00000fc4                main_app
 .text.GPIOToPortGet
                0x00001018       0x60 ..\obj\xgpio.o
 .text.PORTAIntHandler
                0x00001078       0x58 ..\obj\xgpio.o
                0x00001078                PORTAIntHandler
 .text.GPIODirModeSet
                0x000010d0       0x18 ..\obj\xgpio.o
                0x000010d0                GPIODirModeSet
 .text.xGPIODirModeSet
                0x000010e8       0x2c ..\obj\xgpio.o
                0x000010e8                xGPIODirModeSet
 .text.GPIOPinIntEnable
                0x00001114       0x34 ..\obj\xgpio.o
                0x00001114                GPIOPinIntEnable
 .text.GPIOPinIntDisable
                0x00001148       0x2c ..\obj\xgpio.o
                0x00001148                GPIOPinIntDisable
 .text.GPIOPinSet
                0x00001174        0x4 ..\obj\xgpio.o
                0x00001174                GPIOPinSet
 .text.GPIOPinReset
                0x00001178        0x4 ..\obj\xgpio.o
                0x00001178                GPIOPinReset
 .text.GPIOPadConfigSet
                0x0000117c       0x30 ..\obj\xgpio.o
                0x0000117c                GPIOPadConfigSet
 .text.GPIOPinConfigure
                0x000011ac       0x34 ..\obj\xgpio.o
                0x000011ac                GPIOPinConfigure
 .text.start_periodic_tcp_timer
                0x000011e0       0x18 ..\obj\tcpip.o
 .text.tcpip_output
                0x000011f8       0x20 ..\obj\tcpip.o
                0x000011f8                tcpip_output
 .text.tcpip_set_outputfunc
                0x00001218        0xc ..\obj\tcpip.o
                0x00001218                tcpip_set_outputfunc
 .text.tcp_listen
                0x00001224       0x4c ..\obj\tcpip.o
                0x00001224                tcp_listen
 .text.tcp_attach
                0x00001270       0x10 ..\obj\tcpip.o
                0x00001270                tcp_attach
 .text.tcpip_input
                0x00001280       0x24 ..\obj\tcpip.o
                0x00001280                tcpip_input
 .text.tcpip_ipv6_output
                0x000012a4      0x22c ..\obj\tcpip.o
                0x000012a4                tcpip_ipv6_output
 .text.process_thread_tcpip_process
                0x000014d0      0x1cc ..\obj\tcpip.o
 .text.tcpip_uipcall
                0x0000169c       0x78 ..\obj\tcpip.o
                0x0000169c                tcpip_uipcall
 .text.chksum   0x00001714       0x4c ..\obj\uip6.o
 .text.ext_hdr_options_process
                0x00001760       0xb0 ..\obj\uip6.o
 .text.upper_layer_chksum
                0x00001810       0x58 ..\obj\uip6.o
 .text.uip_add32
                0x00001868       0x60 ..\obj\uip6.o
                0x00001868                uip_add32
 .text.uip_add_rcv_nxt
                0x000018c8       0x2c ..\obj\uip6.o
 .text.uip_icmp6chksum
                0x000018f4        0xc ..\obj\uip6.o
                0x000018f4                uip_icmp6chksum
 .text.uip_tcpchksum
                0x00001900        0xc ..\obj\uip6.o
                0x00001900                uip_tcpchksum
 .text.uip_init
                0x0000190c       0x38 ..\obj\uip6.o
                0x0000190c                uip_init
 .text.remove_ext_hdr
                0x00001944       0x5c ..\obj\uip6.o
                0x00001944                remove_ext_hdr
 .text.uip_unlisten
                0x000019a0       0x40 ..\obj\uip6.o
                0x000019a0                uip_unlisten
 .text.uip_listen
                0x000019e0       0x3c ..\obj\uip6.o
                0x000019e0                uip_listen
 .text.uip_reass_over
                0x00001a1c       0x60 ..\obj\uip6.o
                0x00001a1c                uip_reass_over
 .text.uip_process
                0x00001a7c     0x120c ..\obj\uip6.o
                0x00001a7c                uip_process
 .text.uip_htons
                0x00002c88        0xc ..\obj\uip6.o
                0x00002c88                uip_htons
 .text.uip_htonl
                0x00002c94       0x18 ..\obj\uip6.o
                0x00002c94                uip_htonl
 .text.uip_send
                0x00002cac       0x64 ..\obj\uip6.o
                0x00002cac                uip_send
 .text.init_SPI
                0x00002d10       0xa8 ..\obj\spi_cox.o
                0x00002d10                init_SPI
 .text.SPI0_SendChar
                0x00002db8       0x38 ..\obj\spi_cox.o
                0x00002db8                SPI0_SendChar
 .text.SPI0_GetChar
                0x00002df0       0x30 ..\obj\spi_cox.o
                0x00002df0                SPI0_GetChar
 .text.Idle     0x00002e20        0x4 ..\obj\BRTOS.o
                0x00002e20                Idle
 .text.OSGetCount
                0x00002e24        0xc ..\obj\BRTOS.o
                0x00002e24                OSGetCount
 .text.OSIncCounter
                0x00002e30       0x24 ..\obj\BRTOS.o
                0x00002e30                OSIncCounter
 .text.DelayTask
                0x00002e54       0xe4 ..\obj\BRTOS.o
                0x00002e54                DelayTask
 .text.OS_TICK_HANDLER
                0x00002f38       0xa4 ..\obj\BRTOS.o
                0x00002f38                OS_TICK_HANDLER
 .text.PreInstallTasks
                0x00002fdc       0x48 ..\obj\BRTOS.o
                0x00002fdc                PreInstallTasks
 .text.InstallTask
                0x00003024      0x1e4 ..\obj\BRTOS.o
                0x00003024                InstallTask
 .text.InstallIdle
                0x00003208       0xdc ..\obj\BRTOS.o
                0x00003208                InstallIdle
 .text.initEvents
                0x000032e4       0x28 ..\obj\BRTOS.o
                0x000032e4                initEvents
 .text.BRTOS_Init
                0x0000330c       0x10 ..\obj\BRTOS.o
                0x0000330c                BRTOS_Init
 .text.SAScheduler
                0x0000331c      0x164 ..\obj\BRTOS.o
                0x0000331c                SAScheduler
 .text.OSSchedule
                0x00003480       0x24 ..\obj\BRTOS.o
                0x00003480                OSSchedule
 .text.BRTOSStart
                0x000034a4       0x44 ..\obj\BRTOS.o
                0x000034a4                BRTOSStart
 .text.uip_ds6_nbr_rm
                0x000034e8       0x20 ..\obj\uip-ds6-nbr.o
                0x000034e8                uip_ds6_nbr_rm
 .text.uip_ds6_neighbors_init
                0x00003508       0x18 ..\obj\uip-ds6-nbr.o
                0x00003508                uip_ds6_neighbors_init
 .text.uip_ds6_nbr_add
                0x00003520       0x50 ..\obj\uip-ds6-nbr.o
                0x00003520                uip_ds6_nbr_add
 .text.uip_ds6_nbr_get_ll
                0x00003570       0x14 ..\obj\uip-ds6-nbr.o
                0x00003570                uip_ds6_nbr_get_ll
 .text.uip_ds6_nbr_lookup
                0x00003584       0x48 ..\obj\uip-ds6-nbr.o
                0x00003584                uip_ds6_nbr_lookup
 .text.uip_ds6_nbr_ll_lookup
                0x000035cc       0x14 ..\obj\uip-ds6-nbr.o
                0x000035cc                uip_ds6_nbr_ll_lookup
 .text.uip_ds6_nbr_ipaddr_from_lladdr
                0x000035e0        0x8 ..\obj\uip-ds6-nbr.o
                0x000035e0                uip_ds6_nbr_ipaddr_from_lladdr
 .text.uip_ds6_nbr_lladdr_from_ipaddr
                0x000035e8       0x14 ..\obj\uip-ds6-nbr.o
                0x000035e8                uip_ds6_nbr_lladdr_from_ipaddr
 .text.uip_ds6_link_neighbor_callback
                0x000035fc       0x14 ..\obj\uip-ds6-nbr.o
                0x000035fc                uip_ds6_link_neighbor_callback
 .text.uip_ds6_neighbor_periodic
                0x00003610      0x12c ..\obj\uip-ds6-nbr.o
                0x00003610                uip_ds6_neighbor_periodic
 .text.uip_log  0x0000373c       0x10 ..\obj\contiki-main.o
                0x0000373c                uip_log
 .text.main_minimal_net
                0x0000374c       0x7c ..\obj\contiki-main.o
                0x0000374c                main_minimal_net
 .text.contiki_main
                0x000037c8        0x8 ..\obj\contiki-main.o
                0x000037c8                contiki_main
 .text.psock_send
                0x000037d0       0xb4 ..\obj\psock.o
                0x000037d0                psock_send
 .text.psock_datalen
                0x00003884        0xc ..\obj\psock.o
                0x00003884                psock_datalen
 .text.psock_newdata
                0x00003890       0x2c ..\obj\psock.o
                0x00003890                psock_newdata
 .text.psock_readto
                0x000038bc       0xa4 ..\obj\psock.o
                0x000038bc                psock_readto
 .text.psock_init
                0x00003960       0x18 ..\obj\psock.o
                0x00003960                psock_init
 .text.packet_timedout
                0x00003978       0x18 ..\obj\uip-packetqueue.o
 .text.uip_packetqueue_new
                0x00003990        0x8 ..\obj\uip-packetqueue.o
                0x00003990                uip_packetqueue_new
 .text.uip_packetqueue_alloc
                0x00003998       0x44 ..\obj\uip-packetqueue.o
                0x00003998                uip_packetqueue_alloc
 .text.uip_packetqueue_free
                0x000039dc       0x28 ..\obj\uip-packetqueue.o
                0x000039dc                uip_packetqueue_free
 .text.uip_packetqueue_buf
                0x00003a04       0x10 ..\obj\uip-packetqueue.o
                0x00003a04                uip_packetqueue_buf
 .text.uip_packetqueue_buflen
                0x00003a14       0x14 ..\obj\uip-packetqueue.o
                0x00003a14                uip_packetqueue_buflen
 .text.uip_packetqueue_set_buflen
                0x00003a28       0x10 ..\obj\uip-packetqueue.o
                0x00003a28                uip_packetqueue_set_buflen
 .text.main     0x00003a38       0xf8 ..\obj\main.o
                0x00003a38                main
 .text.procinit_init
                0x00003b30       0x20 ..\obj\procinit.o
                0x00003b30                procinit_init
 .text.item_from_index
                0x00003b50       0x1c ..\obj\nbr-table.o
 .text.index_from_key
                0x00003b6c       0x20 ..\obj\nbr-table.o
 .text.index_from_item
                0x00003b8c       0x24 ..\obj\nbr-table.o
 .text.nbr_get_bit
                0x00003bb0       0x2c ..\obj\nbr-table.o
 .text.nbr_set_bit
                0x00003bdc       0x4c ..\obj\nbr-table.o
 .text.index_from_lladdr
                0x00003c28       0x48 ..\obj\nbr-table.o
 .text.nbr_table_register
                0x00003c70       0x28 ..\obj\nbr-table.o
                0x00003c70                nbr_table_register
 .text.nbr_table_next
                0x00003c98       0x58 ..\obj\nbr-table.o
                0x00003c98                nbr_table_next
 .text.nbr_table_head
                0x00003cf0       0x3c ..\obj\nbr-table.o
                0x00003cf0                nbr_table_head
 .text.nbr_table_add_lladdr
                0x00003d2c      0x15c ..\obj\nbr-table.o
                0x00003d2c                nbr_table_add_lladdr
 .text.nbr_table_get_from_lladdr
                0x00003e88       0x30 ..\obj\nbr-table.o
                0x00003e88                nbr_table_get_from_lladdr
 .text.nbr_table_remove
                0x00003eb8       0x30 ..\obj\nbr-table.o
                0x00003eb8                nbr_table_remove
 .text.nbr_table_lock
                0x00003ee8       0x18 ..\obj\nbr-table.o
                0x00003ee8                nbr_table_lock
 .text.nbr_table_unlock
                0x00003f00       0x18 ..\obj\nbr-table.o
                0x00003f00                nbr_table_unlock
 .text.nbr_table_get_lladdr
                0x00003f18       0x28 ..\obj\nbr-table.o
                0x00003f18                nbr_table_get_lladdr
 .text.Enable_INT_Pin
                0x00003f40       0x3c ..\obj\system.o
                0x00003f40                Enable_INT_Pin
 .text.WDTimerInit
                0x00003f7c        0xc ..\obj\xwdt.o
                0x00003f7c                WDTimerInit
 .text.WDTimerEnable
                0x00003f88       0x14 ..\obj\xwdt.o
                0x00003f88                WDTimerEnable
 .text.WDTimerRestart
                0x00003f9c       0x10 ..\obj\xwdt.o
                0x00003f9c                WDTimerRestart
 .text.update_time
                0x00003fac       0x80 ..\obj\etimer.o
 .text.etimer_request_poll
                0x0000402c       0x10 ..\obj\etimer.o
                0x0000402c                etimer_request_poll
 .text.process_thread_etimer_process
                0x0000403c       0xcc ..\obj\etimer.o
 .text.add_timer
                0x00004108       0x50 ..\obj\etimer.o
 .text.etimer_set
                0x00004158       0x10 ..\obj\etimer.o
                0x00004158                etimer_set
 .text.etimer_reset
                0x00004168       0x10 ..\obj\etimer.o
                0x00004168                etimer_reset
 .text.etimer_restart
                0x00004178       0x10 ..\obj\etimer.o
                0x00004178                etimer_restart
 .text.etimer_expired
                0x00004188        0x8 ..\obj\etimer.o
                0x00004188                etimer_expired
 .text.etimer_expiration_time
                0x00004190       0x14 ..\obj\etimer.o
                0x00004190                etimer_expiration_time
 .text.etimer_next_expiration_time
                0x000041a4       0x18 ..\obj\etimer.o
                0x000041a4                etimer_next_expiration_time
 .text.etimer_stop
                0x000041bc       0x48 ..\obj\etimer.o
                0x000041bc                etimer_stop
 .text.mrf24j40_receiving_packet
                0x00004204        0x4 ..\obj\mrf24j40.o
                0x00004204                mrf24j40_receiving_packet
 .text.mrf24j40_pending_packet
                0x00004208        0xc ..\obj\mrf24j40.o
                0x00004208                mrf24j40_pending_packet
 .text.get_long_add_mem
                0x00004214       0x9c ..\obj\mrf24j40.o
 .text.set_long_add_mem
                0x000042b0       0x88 ..\obj\mrf24j40.o
 .text.set_short_add_mem
                0x00004338       0x80 ..\obj\mrf24j40.o
 .text.mrf24j40_on
                0x000043b8       0x40 ..\obj\mrf24j40.o
                0x000043b8                mrf24j40_on
 .text.mrf24j40_off
                0x000043f8       0x48 ..\obj\mrf24j40.o
                0x000043f8                mrf24j40_off
 .text.mrf24j40_transmit
                0x00004440       0x48 ..\obj\mrf24j40.o
                0x00004440                mrf24j40_transmit
 .text.get_short_add_mem
                0x00004488       0x9c ..\obj\mrf24j40.o
 .text.reset_rf_state_machine
                0x00004524       0x30 ..\obj\mrf24j40.o
 .text.flush_rx_fifo
                0x00004554       0x18 ..\obj\mrf24j40.o
                0x00004554                flush_rx_fifo
 .text.mrf24j40_set_channel
                0x0000456c       0x1c ..\obj\mrf24j40.o
                0x0000456c                mrf24j40_set_channel
 .text.mrf24j40_set_tx_power
                0x00004588       0x10 ..\obj\mrf24j40.o
                0x00004588                mrf24j40_set_tx_power
 .text.mrf24j40_init
                0x00004598      0x1c4 ..\obj\mrf24j40.o
                0x00004598                mrf24j40_init
 .text.mrf24j40_get_rssi
                0x0000475c       0x38 ..\obj\mrf24j40.o
                0x0000475c                mrf24j40_get_rssi
 .text.mrf24j40_cca
                0x00004794       0x2c ..\obj\mrf24j40.o
                0x00004794                mrf24j40_cca
 .text.mrf24j40_set_txfifo
                0x000047c0       0x44 ..\obj\mrf24j40.o
                0x000047c0                mrf24j40_set_txfifo
 .text.mrf24j40_prepare
                0x00004804       0x28 ..\obj\mrf24j40.o
                0x00004804                mrf24j40_prepare
 .text.mrf24j40_write
                0x0000482c       0x1c ..\obj\mrf24j40.o
                0x0000482c                mrf24j40_write
 .text.mrf24j40_get_rxfifo
                0x00004848       0x9c ..\obj\mrf24j40.o
                0x00004848                mrf24j40_get_rxfifo
 .text.mrf24j40_read
                0x000048e4        0xc ..\obj\mrf24j40.o
                0x000048e4                mrf24j40_read
 .text.process_thread_mrf24j40_process
                0x000048f0       0x58 ..\obj\mrf24j40.o
 .text.MRF24J40_ISR
                0x00004948       0x60 ..\obj\mrf24j40.o
                0x00004948                MRF24J40_ISR
 .text.Radio_Interrupt
                0x000049a8       0x20 ..\obj\mrf24j40.o
                0x000049a8                Radio_Interrupt
 .text.packetbuf_compact
                0x000049c8       0x30 ..\obj\packetbuf.o
                0x000049c8                packetbuf_compact
 .text.packetbuf_copyto
                0x000049f8       0x48 ..\obj\packetbuf.o
                0x000049f8                packetbuf_copyto
 .text.packetbuf_hdrreduce
                0x00004a40       0x24 ..\obj\packetbuf.o
                0x00004a40                packetbuf_hdrreduce
 .text.packetbuf_set_datalen
                0x00004a64        0xc ..\obj\packetbuf.o
                0x00004a64                packetbuf_set_datalen
 .text.packetbuf_dataptr
                0x00004a70       0x10 ..\obj\packetbuf.o
                0x00004a70                packetbuf_dataptr
 .text.packetbuf_hdrptr
                0x00004a80       0x10 ..\obj\packetbuf.o
                0x00004a80                packetbuf_hdrptr
 .text.packetbuf_datalen
                0x00004a90        0xc ..\obj\packetbuf.o
                0x00004a90                packetbuf_datalen
 .text.packetbuf_hdrlen
                0x00004a9c       0x18 ..\obj\packetbuf.o
                0x00004a9c                packetbuf_hdrlen
 .text.packetbuf_totlen
                0x00004ab4       0x14 ..\obj\packetbuf.o
                0x00004ab4                packetbuf_totlen
 .text.packetbuf_hdralloc
                0x00004ac8       0x2c ..\obj\packetbuf.o
                0x00004ac8                packetbuf_hdralloc
 .text.packetbuf_attr_clear
                0x00004af4       0x34 ..\obj\packetbuf.o
                0x00004af4                packetbuf_attr_clear
 .text.packetbuf_clear
                0x00004b28       0x24 ..\obj\packetbuf.o
                0x00004b28                packetbuf_clear
 .text.packetbuf_copyfrom
                0x00004b4c       0x30 ..\obj\packetbuf.o
                0x00004b4c                packetbuf_copyfrom
 .text.packetbuf_attr_copyto
                0x00004b7c       0x20 ..\obj\packetbuf.o
                0x00004b7c                packetbuf_attr_copyto
 .text.packetbuf_attr_copyfrom
                0x00004b9c       0x24 ..\obj\packetbuf.o
                0x00004b9c                packetbuf_attr_copyfrom
 .text.packetbuf_set_attr
                0x00004bc0       0x10 ..\obj\packetbuf.o
                0x00004bc0                packetbuf_set_attr
 .text.packetbuf_attr
                0x00004bd0        0xc ..\obj\packetbuf.o
                0x00004bd0                packetbuf_attr
 .text.packetbuf_set_addr
                0x00004bdc       0x18 ..\obj\packetbuf.o
                0x00004bdc                packetbuf_set_addr
 .text.packetbuf_addr
                0x00004bf4       0x10 ..\obj\packetbuf.o
                0x00004bf4                packetbuf_addr
 .text.packetbuf_holds_broadcast
                0x00004c04       0x14 ..\obj\packetbuf.o
                0x00004c04                packetbuf_holds_broadcast
 .text.watchdog_periodic
                0x00004c18        0x4 ..\obj\watchdog.o
                0x00004c18                watchdog_periodic
 .text.create_llao
                0x00004c1c       0x28 ..\obj\uip-nd6.o
 .text.rs_input
                0x00004c44      0x16c ..\obj\uip-nd6.o
 .text.ns_input
                0x00004db0      0x2b8 ..\obj\uip-nd6.o
 .text.na_input
                0x00005068      0x278 ..\obj\uip-nd6.o
 .text.uip_nd6_ns_output
                0x000052e0      0x150 ..\obj\uip-nd6.o
                0x000052e0                uip_nd6_ns_output
 .text.uip_nd6_ra_output
                0x00005430      0x11c ..\obj\uip-nd6.o
                0x00005430                uip_nd6_ra_output
 .text.uip_nd6_init
                0x0000554c       0x20 ..\obj\uip-nd6.o
                0x0000554c                uip_nd6_init
 .text.SysCtlPeripheralEnable
                0x0000556c       0x28 ..\obj\xsysctl.o
                0x0000556c                SysCtlPeripheralEnable
 .text.SysCtlPeripheralClockSourceSet
                0x00005594      0x268 ..\obj\xsysctl.o
                0x00005594                SysCtlPeripheralClockSourceSet
 .text.sicslowpan_init
                0x000057fc       0x24 ..\obj\sicslowpan.o
                0x000057fc                sicslowpan_init
 .text.set_packet_attrs
                0x00005820       0x54 ..\obj\sicslowpan.o
 .text.compress_addr_64
                0x00005874       0xa0 ..\obj\sicslowpan.o
 .text.addr_context_lookup_by_prefix
                0x00005914       0x28 ..\obj\sicslowpan.o
 .text.send_packet
                0x0000593c       0x24 ..\obj\sicslowpan.o
 .text.output   0x00005960      0x6bc ..\obj\sicslowpan.o
 .text.packet_sent
                0x0000601c       0x24 ..\obj\sicslowpan.o
 .text.uncompress_addr
                0x00006040       0x98 ..\obj\sicslowpan.o
 .text.input    0x000060d8      0x6f8 ..\obj\sicslowpan.o
 .text.lollipop_greater_than
                0x000067d0       0x38 ..\obj\rpl-dag.o
 .text.rpl_set_preferred_parent
                0x00006808       0x2c ..\obj\rpl-dag.o
 .text.set_ip_from_prefix
                0x00006834       0x2c ..\obj\rpl-dag.o
 .text.check_prefix
                0x00006860       0x7c ..\obj\rpl-dag.o
 .text.find_parent_any_dag_any_instance
                0x000068dc       0x1c ..\obj\rpl-dag.o
 .text.rpl_get_nbr
                0x000068f8       0x28 ..\obj\rpl-dag.o
                0x000068f8                rpl_get_nbr
 .text.rpl_get_parent_ipaddr
                0x00006920       0x18 ..\obj\rpl-dag.o
                0x00006920                rpl_get_parent_ipaddr
 .text.rpl_set_prefix
                0x00006938       0x84 ..\obj\rpl-dag.o
                0x00006938                rpl_set_prefix
 .text.rpl_set_default_route
                0x000069bc       0x3c ..\obj\rpl-dag.o
                0x000069bc                rpl_set_default_route
 .text.rpl_alloc_instance
                0x000069f8       0x38 ..\obj\rpl-dag.o
                0x000069f8                rpl_alloc_instance
 .text.rpl_add_parent
                0x00006a30       0x48 ..\obj\rpl-dag.o
                0x00006a30                rpl_add_parent
 .text.rpl_find_parent
                0x00006a78       0x20 ..\obj\rpl-dag.o
                0x00006a78                rpl_find_parent
 .text.rpl_select_parent
                0x00006a98       0x80 ..\obj\rpl-dag.o
                0x00006a98                rpl_select_parent
 .text.rpl_select_dag
                0x00006b18      0x1b4 ..\obj\rpl-dag.o
                0x00006b18                rpl_select_dag
 .text.rpl_nullify_parent
                0x00006ccc       0x48 ..\obj\rpl-dag.o
                0x00006ccc                rpl_nullify_parent
 .text.rpl_remove_parent
                0x00006d14       0x18 ..\obj\rpl-dag.o
                0x00006d14                rpl_remove_parent
 .text.remove_parents
                0x00006d2c       0x38 ..\obj\rpl-dag.o
 .text.rpl_free_dag
                0x00006d64       0x34 ..\obj\rpl-dag.o
                0x00006d64                rpl_free_dag
 .text.rpl_move_parent
                0x00006d98       0x50 ..\obj\rpl-dag.o
                0x00006d98                rpl_move_parent
 .text.rpl_get_instance
                0x00006de8       0x24 ..\obj\rpl-dag.o
                0x00006de8                rpl_get_instance
 .text.rpl_repair_root
                0x00006e0c       0x58 ..\obj\rpl-dag.o
                0x00006e0c                rpl_repair_root
 .text.rpl_alloc_dag
                0x00006e64       0x60 ..\obj\rpl-dag.o
                0x00006e64                rpl_alloc_dag
 .text.rpl_set_root
                0x00006ec4      0x120 ..\obj\rpl-dag.o
                0x00006ec4                rpl_set_root
 .text.rpl_find_of
                0x00006fe4       0x14 ..\obj\rpl-dag.o
                0x00006fe4                rpl_find_of
 .text.rpl_join_instance
                0x00006ff8      0x11c ..\obj\rpl-dag.o
                0x00006ff8                rpl_join_instance
 .text.rpl_local_repair
                0x00007114       0x6c ..\obj\rpl-dag.o
                0x00007114                rpl_local_repair
 .text.rpl_process_parent_event
                0x00007180       0x7c ..\obj\rpl-dag.o
                0x00007180                rpl_process_parent_event
 .text.rpl_add_dag
                0x000071fc       0xec ..\obj\rpl-dag.o
                0x000071fc                rpl_add_dag
 .text.rpl_process_dio
                0x000072e8      0x360 ..\obj\rpl-dag.o
                0x000072e8                rpl_process_dio
 .text.rpl_lock_parent
                0x00007648       0x14 ..\obj\rpl-dag.o
                0x00007648                rpl_lock_parent
 .text.TickTimerSetup
                0x0000765c       0x20 ..\obj\HAL.o
                0x0000765c                TickTimerSetup
 .text.TickTimer
                0x0000767c       0x18 ..\obj\HAL.o
                0x0000767c                TickTimer
 .text.SwitchContext
                0x00007694       0x9c ..\obj\HAL.o
                0x00007694                SwitchContext
 .text.SwitchContextToFirstTask
                0x00007730       0x44 ..\obj\HAL.o
                0x00007730                SwitchContextToFirstTask
 .text.CreateVirtualStack
                0x00007774       0xb0 ..\obj\HAL.o
                0x00007774                CreateVirtualStack
 .text.OS_CPU_SR_Save
                0x00007824        0x8 ..\obj\HAL.o
                0x00007824                OS_CPU_SR_Save
 .text.OS_CPU_SR_Restore
                0x0000782c        0x8 ..\obj\HAL.o
                0x0000782c                OS_CPU_SR_Restore
 .text.bootstrap
                0x00007834        0x8 ..\obj\nullsec.o
 .text.on_frame_created
                0x0000783c        0x4 ..\obj\nullsec.o
 .text.input    0x00007840       0x10 ..\obj\nullsec.o
 .text.get_overhead
                0x00007850        0x4 ..\obj\nullsec.o
 .text.send     0x00007854       0x20 ..\obj\nullsec.o
 .text.System_Time
                0x00007874       0x2c ..\obj\tasks.o
                0x00007874                System_Time
 .text.netstack_init
                0x000078a0       0x2c ..\obj\netstack.o
                0x000078a0                netstack_init
 .text.new_dio_interval
                0x000078cc       0x88 ..\obj\rpl-timers.o
 .text.handle_dio_timer
                0x00007954       0xa4 ..\obj\rpl-timers.o
 .text.set_dao_lifetime_timer
                0x000079f8       0x58 ..\obj\rpl-timers.o
 .text.schedule_dao
                0x00007a50       0x6c ..\obj\rpl-timers.o
 .text.handle_dao_timer
                0x00007abc       0x6c ..\obj\rpl-timers.o
 .text.rpl_reset_dio_timer
                0x00007b28       0x20 ..\obj\rpl-timers.o
                0x00007b28                rpl_reset_dio_timer
 .text.rpl_schedule_dao
                0x00007b48       0x10 ..\obj\rpl-timers.o
                0x00007b48                rpl_schedule_dao
 .text.rpl_schedule_probing
                0x00007b58       0x38 ..\obj\rpl-timers.o
                0x00007b58                rpl_schedule_probing
 .text.handle_probing_timer
                0x00007b90      0x150 ..\obj\rpl-timers.o
 .text.reset    0x00007ce0        0x4 ..\obj\rpl-mrhof.o
 .text.best_dag
                0x00007ce4       0x2c ..\obj\rpl-mrhof.o
 .text.update_metric_container
                0x00007d10        0x8 ..\obj\rpl-mrhof.o
 .text.calculate_rank
                0x00007d18       0x40 ..\obj\rpl-mrhof.o
 .text.calculate_path_metric
                0x00007d58       0x28 ..\obj\rpl-mrhof.o
 .text.best_parent
                0x00007d80       0x44 ..\obj\rpl-mrhof.o
 .text.neighbor_link_callback
                0x00007dc4       0x4c ..\obj\rpl-mrhof.o
 .text.queuebuf_init
                0x00007e10       0x18 ..\obj\queuebuf.o
                0x00007e10                queuebuf_init
 .text.queuebuf_numfree
                0x00007e28       0x10 ..\obj\queuebuf.o
                0x00007e28                queuebuf_numfree
 .text.queuebuf_new_from_packetbuf
                0x00007e38       0x48 ..\obj\queuebuf.o
                0x00007e38                queuebuf_new_from_packetbuf
 .text.queuebuf_free
                0x00007e80       0x2c ..\obj\queuebuf.o
                0x00007e80                queuebuf_free
 .text.queuebuf_to_packetbuf
                0x00007eac       0x30 ..\obj\queuebuf.o
                0x00007eac                queuebuf_to_packetbuf
 .text.uip_debug_ipaddr_print
                0x00007edc       0x6c ..\obj\uip-debug.o
                0x00007edc                uip_debug_ipaddr_print
 .text.memb_init
                0x00007f48       0x20 ..\obj\memb.o
                0x00007f48                memb_init
 .text.memb_alloc
                0x00007f68       0x44 ..\obj\memb.o
                0x00007f68                memb_alloc
 .text.memb_free
                0x00007fac       0x4c ..\obj\memb.o
                0x00007fac                memb_free
 .text.memb_inmemb
                0x00007ff8       0x1c ..\obj\memb.o
                0x00007ff8                memb_inmemb
 .text.memb_numfree
                0x00008014       0x24 ..\obj\memb.o
                0x00008014                memb_numfree
 .text.exit_process
                0x00008038       0x9c ..\obj\process.o
 .text.call_process
                0x000080d4       0x40 ..\obj\process.o
 .text.do_poll  0x00008114       0x34 ..\obj\process.o
 .text.process_alloc_event
                0x00008148       0x10 ..\obj\process.o
                0x00008148                process_alloc_event
 .text.process_init
                0x00008158       0x18 ..\obj\process.o
                0x00008158                process_init
 .text.process_run
                0x00008170       0xa0 ..\obj\process.o
                0x00008170                process_run
 .text.process_post
                0x00008210       0x50 ..\obj\process.o
                0x00008210                process_post
 .text.process_post_synch
                0x00008260       0x14 ..\obj\process.o
                0x00008260                process_post_synch
 .text.process_start
                0x00008274       0x3c ..\obj\process.o
                0x00008274                process_start
 .text.process_poll
                0x000082b0       0x1c ..\obj\process.o
                0x000082b0                process_poll
 .text.putchar_buf
                0x000082cc       0x24 ..\obj\printf_lib.o
                0x000082cc                putchar_buf
 .text.printchar
                0x000082f0       0x1c ..\obj\printf_lib.o
 .text.prints   0x0000830c       0xb4 ..\obj\printf_lib.o
 .text.printi   0x000083c0       0xd4 ..\obj\printf_lib.o
 .text.print    0x00008494      0x160 ..\obj\printf_lib.o
 .text.printf_lib
                0x000085f4       0x1c ..\obj\printf_lib.o
                0x000085f4                printf_lib
 .text.list_init
                0x00008610        0x8 ..\obj\list.o
                0x00008610                list_init
 .text.list_head
                0x00008618        0x4 ..\obj\list.o
                0x00008618                list_head
 .text.list_tail
                0x0000861c       0x18 ..\obj\list.o
                0x0000861c                list_tail
 .text.list_remove
                0x00008634       0x34 ..\obj\list.o
                0x00008634                list_remove
 .text.list_add
                0x00008668       0x20 ..\obj\list.o
                0x00008668                list_add
 .text.list_push
                0x00008688       0x14 ..\obj\list.o
                0x00008688                list_push
 .text.list_length
                0x0000869c       0x18 ..\obj\list.o
                0x0000869c                list_length
 .text.list_item_next
                0x000086b4        0xc ..\obj\list.o
                0x000086b4                list_item_next
 .text._sbrk    0x000086c0       0x24 ..\obj\syscalls.o
                0x000086c0                _sbrk
 .text._close   0x000086e4        0x8 ..\obj\syscalls.o
                0x000086e4                _close
 .text._fstat   0x000086ec        0xc ..\obj\syscalls.o
                0x000086ec                _fstat
 .text._isatty  0x000086f8        0x4 ..\obj\syscalls.o
                0x000086f8                _isatty
 .text._lseek   0x000086fc        0x4 ..\obj\syscalls.o
                0x000086fc                _lseek
 .text._read    0x00008700        0x4 ..\obj\syscalls.o
                0x00008700                _read
 .text._write   0x00008704        0x4 ..\obj\syscalls.o
                0x00008704                _write
 .text.framer_canonical_create_and_secure
                0x00008708       0x2c ..\obj\framer.o
                0x00008708                framer_canonical_create_and_secure
 .text.OSSemCreate
                0x00008734       0x98 ..\obj\semaphore.o
                0x00008734                OSSemCreate
 .text.OSSemBinaryCreate
                0x000087cc       0xb8 ..\obj\semaphore.o
                0x000087cc                OSSemBinaryCreate
 .text.OSSemPend
                0x00008884      0x1d8 ..\obj\semaphore.o
                0x00008884                OSSemPend
 .text.OSSemPost
                0x00008a5c       0x84 ..\obj\semaphore.o
                0x00008a5c                OSSemPost
 .text.rpl_get_mode
                0x00008ae0        0xc ..\obj\rpl.o
                0x00008ae0                rpl_get_mode
 .text.rpl_remove_routes
                0x00008aec       0x28 ..\obj\rpl.o
                0x00008aec                rpl_remove_routes
 .text.rpl_remove_routes_by_nexthop
                0x00008b14       0x44 ..\obj\rpl.o
                0x00008b14                rpl_remove_routes_by_nexthop
 .text.rpl_add_route
                0x00008b58       0x2c ..\obj\rpl.o
                0x00008b58                rpl_add_route
 .text.process_thread_webserver_nogui_process
                0x00008b84       0x3c ..\obj\border-router.o
 .text.ipaddr_add
                0x00008bc0       0xd0 ..\obj\border-router.o
 .text.generate_routes
                0x00008c90      0x33c ..\obj\border-router.o
 .text.httpd_simple_get_script
                0x00008fcc        0x8 ..\obj\border-router.o
                0x00008fcc                httpd_simple_get_script
 .text.request_prefix
                0x00008fd4       0x24 ..\obj\border-router.o
                0x00008fd4                request_prefix
 .text.process_thread_border_router_process
                0x00008ff8      0x114 ..\obj\border-router.o
 .text.set_prefix_64
                0x0000910c       0x58 ..\obj\border-router.o
                0x0000910c                set_prefix_64
 .text.OSQueueCreate
                0x00009164      0x148 ..\obj\queue.o
                0x00009164                OSQueueCreate
 .text.OSUpdateUptime
                0x000092ac       0x50 ..\obj\OS_RTC.o
                0x000092ac                OSUpdateUptime
 .text.OSResetTime
                0x000092fc       0x1c ..\obj\OS_RTC.o
                0x000092fc                OSResetTime
 .text.handle_input
                0x00009318       0xe0 ..\obj\httpd-simple.o
 .text.send_headers
                0x000093f8       0x58 ..\obj\httpd-simple.o
 .text.handle_output
                0x00009450       0xe8 ..\obj\httpd-simple.o
 .text.httpd_appcall
                0x00009538       0xe4 ..\obj\httpd-simple.o
                0x00009538                httpd_appcall
 .text.httpd_init
                0x0000961c       0x18 ..\obj\httpd-simple.o
                0x0000961c                httpd_init
 .text.random_rand
                0x00009634        0xc ..\obj\random.o
                0x00009634                random_rand
 .text.send_packet
                0x00009640       0x10 ..\obj\nullmac.o
 .text.packet_input
                0x00009650       0x10 ..\obj\nullmac.o
 .text.on       0x00009660       0x10 ..\obj\nullmac.o
 .text.off      0x00009670       0x10 ..\obj\nullmac.o
 .text.channel_check_interval
                0x00009680        0x4 ..\obj\nullmac.o
 .text.init     0x00009684        0x4 ..\obj\nullmac.o
 .text.process_thread_slip_process
                0x00009688      0x1a0 ..\obj\slip.o
 .text.slip_set_input_callback
                0x00009828        0xc ..\obj\slip.o
                0x00009828                slip_set_input_callback
 .text.slip_send
                0x00009834       0x64 ..\obj\slip.o
                0x00009834                slip_send
 .text.slip_input_byte
                0x00009898      0x108 ..\obj\slip.o
                0x00009898                slip_input_byte
 .text.process_thread_ctimer_process
                0x000099a0       0x98 ..\obj\ctimer.o
 .text.ctimer_init
                0x00009a38       0x20 ..\obj\ctimer.o
                0x00009a38                ctimer_init
 .text.ctimer_set
                0x00009a58       0x44 ..\obj\ctimer.o
                0x00009a58                ctimer_set
 .text.ctimer_stop
                0x00009a9c       0x28 ..\obj\ctimer.o
                0x00009a9c                ctimer_stop
 .text.mac_call_sent_callback
                0x00009ac4       0x14 ..\obj\mac.o
                0x00009ac4                mac_call_sent_callback
 .text.on       0x00009ad8       0x10 ..\obj\nullrdc.o
 .text.off      0x00009ae8       0x1c ..\obj\nullrdc.o
 .text.channel_check_interval
                0x00009b04        0x4 ..\obj\nullrdc.o
 .text.init     0x00009b08        0x8 ..\obj\nullrdc.o
 .text.packet_input
                0x00009b10       0x38 ..\obj\nullrdc.o
 .text.send_one_packet
                0x00009b48       0x64 ..\obj\nullrdc.o
 .text.send_list
                0x00009bac       0x24 ..\obj\nullrdc.o
 .text.send_packet
                0x00009bd0        0x8 ..\obj\nullrdc.o
 .text.uip_ds6_list_loop
                0x00009bd8       0x54 ..\obj\uip-ds6.o
                0x00009bd8                uip_ds6_list_loop
 .text.uip_ds6_prefix_add
                0x00009c2c       0x58 ..\obj\uip-ds6.o
                0x00009c2c                uip_ds6_prefix_add
 .text.uip_ds6_is_addr_onlink
                0x00009c84       0x40 ..\obj\uip-ds6.o
                0x00009c84                uip_ds6_is_addr_onlink
 .text.uip_ds6_addr_lookup
                0x00009cc4       0x34 ..\obj\uip-ds6.o
                0x00009cc4                uip_ds6_addr_lookup
 .text.uip_ds6_get_link_local
                0x00009cf8       0x44 ..\obj\uip-ds6.o
                0x00009cf8                uip_ds6_get_link_local
 .text.uip_ds6_maddr_add
                0x00009d3c       0x48 ..\obj\uip-ds6.o
                0x00009d3c                uip_ds6_maddr_add
 .text.uip_ds6_addr_add
                0x00009d84       0x94 ..\obj\uip-ds6.o
                0x00009d84                uip_ds6_addr_add
 .text.uip_ds6_maddr_rm
                0x00009e18        0xc ..\obj\uip-ds6.o
                0x00009e18                uip_ds6_maddr_rm
 .text.uip_ds6_maddr_lookup
                0x00009e24       0x34 ..\obj\uip-ds6.o
                0x00009e24                uip_ds6_maddr_lookup
 .text.uip_ds6_addr_rm
                0x00009e58       0x48 ..\obj\uip-ds6.o
                0x00009e58                uip_ds6_addr_rm
 .text.uip_ds6_set_addr_iid
                0x00009ea0       0x18 ..\obj\uip-ds6.o
                0x00009ea0                uip_ds6_set_addr_iid
 .text.get_match_length
                0x00009eb8       0x5c ..\obj\uip-ds6.o
                0x00009eb8                get_match_length
 .text.uip_ds6_select_src
                0x00009f14       0xa8 ..\obj\uip-ds6.o
                0x00009f14                uip_ds6_select_src
 .text.uip_ds6_send_ra_sollicited
                0x00009fbc       0x34 ..\obj\uip-ds6.o
                0x00009fbc                uip_ds6_send_ra_sollicited
 .text.uip_ds6_send_ra_periodic
                0x00009ff0       0x54 ..\obj\uip-ds6.o
                0x00009ff0                uip_ds6_send_ra_periodic
 .text.uip_ds6_periodic
                0x0000a044       0x74 ..\obj\uip-ds6.o
                0x0000a044                uip_ds6_periodic
 .text.uip_ds6_compute_reachable_time
                0x0000a0b8       0x28 ..\obj\uip-ds6.o
                0x0000a0b8                uip_ds6_compute_reachable_time
 .text.uip_ds6_init
                0x0000a0e0       0xf8 ..\obj\uip-ds6.o
                0x0000a0e0                uip_ds6_init
 .text.USART0IntHandler
                0x0000a1d8       0x78 ..\obj\UART.o
                0x0000a1d8                USART0IntHandler
 .text.UARTPutChar
                0x0000a250       0x60 ..\obj\UART.o
                0x0000a250                UARTPutChar
 .text.Init_UART0
                0x0000a2b0       0xa4 ..\obj\UART.o
                0x0000a2b0                Init_UART0
 .text.linkaddr_copy
                0x0000a354        0xc ..\obj\linkaddr.o
                0x0000a354                linkaddr_copy
 .text.linkaddr_cmp
                0x0000a360       0x10 ..\obj\linkaddr.o
                0x0000a360                linkaddr_cmp
 .text.linkaddr_set_node_addr
                0x0000a370       0x10 ..\obj\linkaddr.o
                0x0000a370                linkaddr_set_node_addr
 .text.autostart_start
                0x0000a380       0x20 ..\obj\autostart.o
                0x0000a380                autostart_start
 .text.stimer_set
                0x0000a3a0       0x10 ..\obj\stimer.o
                0x0000a3a0                stimer_set
 .text.stimer_expired
                0x0000a3b0       0x20 ..\obj\stimer.o
                0x0000a3b0                stimer_expired
 .text.stimer_remaining
                0x0000a3d0       0x10 ..\obj\stimer.o
                0x0000a3d0                stimer_remaining
 .text.stimer_elapsed
                0x0000a3e0       0x10 ..\obj\stimer.o
                0x0000a3e0                stimer_elapsed
 .text.UART0SEIntHandler
                0x0000a3f0       0x30 ..\obj\xuart.o
                0x0000a3f0                UART0SEIntHandler
 .text.UART1SEIntHandler
                0x0000a420       0x30 ..\obj\xuart.o
                0x0000a420                UART1SEIntHandler
 .text.UART2SEIntHandler
                0x0000a450       0x30 ..\obj\xuart.o
                0x0000a450                UART2SEIntHandler
 .text.UARTConfigSet
                0x0000a480      0x1d0 ..\obj\xuart.o
                0x0000a480                UARTConfigSet
 .text.UARTEnable
                0x0000a650        0xc ..\obj\xuart.o
                0x0000a650                UARTEnable
 .text.UARTDisable
                0x0000a65c        0x8 ..\obj\xuart.o
                0x0000a65c                UARTDisable
 .text.UARTIntEnable
                0x0000a664       0x2c ..\obj\xuart.o
                0x0000a664                UARTIntEnable
 .text.UARTIntDisable
                0x0000a690       0x28 ..\obj\xuart.o
                0x0000a690                UARTIntDisable
 .text.UARTIntCallbackInit
                0x0000a6b8       0x34 ..\obj\xuart.o
                0x0000a6b8                UARTIntCallbackInit
 .text.parse    0x0000a6ec       0xb0 ..\obj\framer-802154.o
 .text.create_frame
                0x0000a79c      0x11c ..\obj\framer-802154.o
 .text.create   0x0000a8b8        0xc ..\obj\framer-802154.o
 .text.hdr_length
                0x0000a8c4        0xc ..\obj\framer-802154.o
 .text.field_len
                0x0000a8d0       0x6c ..\obj\frame802154.o
 .text.frame802154_hdrlen
                0x0000a93c       0x2c ..\obj\frame802154.o
                0x0000a93c                frame802154_hdrlen
 .text.frame802154_create
                0x0000a968       0xcc ..\obj\frame802154.o
                0x0000a968                frame802154_create
 .text.frame802154_parse
                0x0000aa34      0x134 ..\obj\frame802154.o
                0x0000aa34                frame802154_parse
 .text.get32    0x0000ab68       0x1c ..\obj\rpl-icmp6.o
 .text.set32    0x0000ab84       0x14 ..\obj\rpl-icmp6.o
 .text.get16    0x0000ab98        0xc ..\obj\rpl-icmp6.o
 .text.set16    0x0000aba4        0xc ..\obj\rpl-icmp6.o
 .text.dao_ack_input
                0x0000abb0        0xc ..\obj\rpl-icmp6.o
 .text.dio_input
                0x0000abbc      0x26c ..\obj\rpl-icmp6.o
 .text.dio_output
                0x0000ae28      0x208 ..\obj\rpl-icmp6.o
                0x0000ae28                dio_output
 .text.dis_input
                0x0000b030       0x3c ..\obj\rpl-icmp6.o
 .text.dao_output_target
                0x0000b06c       0xd0 ..\obj\rpl-icmp6.o
                0x0000b06c                dao_output_target
 .text.dao_output
                0x0000b13c       0x54 ..\obj\rpl-icmp6.o
                0x0000b13c                dao_output
 .text.dao_ack_output
                0x0000b190       0x30 ..\obj\rpl-icmp6.o
                0x0000b190                dao_ack_output
 .text.dao_input
                0x0000b1c0      0x278 ..\obj\rpl-icmp6.o
 .text.clock_init
                0x0000b438       0x10 ..\obj\clock.o
                0x0000b438                clock_init
 .text.clock_time
                0x0000b448        0xc ..\obj\clock.o
                0x0000b448                clock_time
 .text.clock_seconds
                0x0000b454       0x18 ..\obj\clock.o
                0x0000b454                clock_seconds
 .text.clock_delay_usec
                0x0000b46c       0x14 ..\obj\clock.o
                0x0000b46c                clock_delay_usec
 .text.BRTOS_TimerHook
                0x0000b480       0x44 ..\obj\clock.o
                0x0000b480                BRTOS_TimerHook
 .text          0x0000b4c4      0x120 c:/program files (x86)/gnu tools arm embedded/4.9 2015q3/bin/../lib/gcc/arm-none-eabi/4.9.3/armv6-m\libgcc.a(_udivsi3.o)
                0x0000b4c4                __aeabi_uidiv
                0x0000b4c4                __udivsi3
                0x0000b5d0                __aeabi_uidivmod
 .text          0x0000b5e4      0x1e0 c:/program files (x86)/gnu tools arm embedded/4.9 2015q3/bin/../lib/gcc/arm-none-eabi/4.9.3/armv6-m\libgcc.a(_divsi3.o)
                0x0000b5e4                __divsi3
                0x0000b5e4                __aeabi_idiv
                0x0000b7b0                __aeabi_idivmod
 .text          0x0000b7c4        0x4 c:/program files (x86)/gnu tools arm embedded/4.9 2015q3/bin/../lib/gcc/arm-none-eabi/4.9.3/armv6-m\libgcc.a(_dvmd_tls.o)
                0x0000b7c4                __aeabi_idiv0
                0x0000b7c4                __aeabi_ldiv0
 .text          0x0000b7c8       0x40 c:/program files (x86)/gnu tools arm embedded/4.9 2015q3/bin/../lib/gcc/arm-none-eabi/4.9.3/armv6-m\libgcc.a(_aeabi_uldivmod.o)
                0x0000b7c8                __aeabi_uldivmod
 .text          0x0000b808       0x54 c:/program files (x86)/gnu tools arm embedded/4.9 2015q3/bin/../lib/gcc/arm-none-eabi/4.9.3/armv6-m\libgcc.a(_muldi3.o)
                0x0000b808                __muldi3
                0x0000b808                __aeabi_lmul
 .text          0x0000b85c       0x6c c:/program files (x86)/gnu tools arm embedded/4.9 2015q3/bin/../lib/gcc/arm-none-eabi/4.9.3/armv6-m\libgcc.a(bpabi.o)
                0x0000b85c                __gnu_ldivmod_helper
                0x0000b894                __gnu_uldivmod_helper
 .text          0x0000b8c8      0x1f0 c:/program files (x86)/gnu tools arm embedded/4.9 2015q3/bin/../lib/gcc/arm-none-eabi/4.9.3/armv6-m\libgcc.a(_divdi3.o)
                0x0000b8c8                __divdi3
 .text          0x0000bab8      0x158 c:/program files (x86)/gnu tools arm embedded/4.9 2015q3/bin/../lib/gcc/arm-none-eabi/4.9.3/armv6-m\libgcc.a(_udivdi3.o)
                0x0000bab8                __udivdi3
 .text          0x0000bc10       0x18 c:/program files (x86)/gnu tools arm embedded/4.9 2015q3/bin/../lib/gcc/arm-none-eabi/4.9.3/armv6-m\libgcc.a(_clzdi2.o)
                0x0000bc10                __clzdi2
 .text          0x0000bc28       0x3c c:/program files (x86)/gnu tools arm embedded/4.9 2015q3/bin/../lib/gcc/arm-none-eabi/4.9.3/armv6-m\libgcc.a(_clzsi2.o)
                0x0000bc28                __clzsi2
 .text.memcmp   0x0000bc64       0x1e c:/program files (x86)/gnu tools arm embedded/4.9 2015q3/bin/../lib/gcc/arm-none-eabi/4.9.3/../../../../arm-none-eabi/lib/armv6-m\libg_nano.a(lib_a-memcmp.o)
                0x0000bc64                memcmp
 .text.memcpy   0x0000bc82       0x12 c:/program files (x86)/gnu tools arm embedded/4.9 2015q3/bin/../lib/gcc/arm-none-eabi/4.9.3/../../../../arm-none-eabi/lib/armv6-m\libg_nano.a(lib_a-memcpy.o)
                0x0000bc82                memcpy
 .text.memmove  0x0000bc94       0x28 c:/program files (x86)/gnu tools arm embedded/4.9 2015q3/bin/../lib/gcc/arm-none-eabi/4.9.3/../../../../arm-none-eabi/lib/armv6-m\libg_nano.a(lib_a-memmove.o)
                0x0000bc94                memmove
 .text.memset   0x0000bcbc       0x10 c:/program files (x86)/gnu tools arm embedded/4.9 2015q3/bin/../lib/gcc/arm-none-eabi/4.9.3/../../../../arm-none-eabi/lib/armv6-m\libg_nano.a(lib_a-memset.o)
                0x0000bcbc                memset
 .text.printf   0x0000bccc       0x34 c:/program files (x86)/gnu tools arm embedded/4.9 2015q3/bin/../lib/gcc/arm-none-eabi/4.9.3/../../../../arm-none-eabi/lib/armv6-m\libg_nano.a(lib_a-printf.o)
                0x0000bccc                iprintf
                0x0000bccc                printf
 .text._puts_r  0x0000bd00       0xf8 c:/program files (x86)/gnu tools arm embedded/4.9 2015q3/bin/../lib/gcc/arm-none-eabi/4.9.3/../../../../arm-none-eabi/lib/armv6-m\libg_nano.a(lib_a-puts.o)
                0x0000bd00                _puts_r
 .text.puts     0x0000bdf8       0x14 c:/program files (x86)/gnu tools arm embedded/4.9 2015q3/bin/../lib/gcc/arm-none-eabi/4.9.3/../../../../arm-none-eabi/lib/armv6-m\libg_nano.a(lib_a-puts.o)
                0x0000bdf8                puts
 .text.rand     0x0000be0c       0x78 c:/program files (x86)/gnu tools arm embedded/4.9 2015q3/bin/../lib/gcc/arm-none-eabi/4.9.3/../../../../arm-none-eabi/lib/armv6-m\libg_nano.a(lib_a-rand.o)
                0x0000be0c                rand
 .text.snprintf
                0x0000be84       0x68 c:/program files (x86)/gnu tools arm embedded/4.9 2015q3/bin/../lib/gcc/arm-none-eabi/4.9.3/../../../../arm-none-eabi/lib/armv6-m\libg_nano.a(lib_a-snprintf.o)
                0x0000be84                sniprintf
                0x0000be84                snprintf
 .text.strlen   0x0000beec        0xe c:/program files (x86)/gnu tools arm embedded/4.9 2015q3/bin/../lib/gcc/arm-none-eabi/4.9.3/../../../../arm-none-eabi/lib/armv6-m\libg_nano.a(lib_a-strlen.o)
                0x0000beec                strlen
 .text.strncmp  0x0000befa       0x28 c:/program files (x86)/gnu tools arm embedded/4.9 2015q3/bin/../lib/gcc/arm-none-eabi/4.9.3/../../../../arm-none-eabi/lib/armv6-m\libg_nano.a(lib_a-strncmp.o)
                0x0000befa                strncmp
 .text.strncpy  0x0000bf22       0x28 c:/program files (x86)/gnu tools arm embedded/4.9 2015q3/bin/../lib/gcc/arm-none-eabi/4.9.3/../../../../arm-none-eabi/lib/armv6-m\libg_nano.a(lib_a-strncpy.o)
                0x0000bf22                strncpy
 *fill*         0x0000bf4a        0x2 
 .text.__swbuf_r
                0x0000bf4c       0xb0 c:/program files (x86)/gnu tools arm embedded/4.9 2015q3/bin/../lib/gcc/arm-none-eabi/4.9.3/../../../../arm-none-eabi/lib/armv6-m\libg_nano.a(lib_a-wbuf.o)
                0x0000bf4c                __swbuf_r
 .text.__swsetup_r
                0x0000bffc       0xe8 c:/program files (x86)/gnu tools arm embedded/4.9 2015q3/bin/../lib/gcc/arm-none-eabi/4.9.3/../../../../arm-none-eabi/lib/armv6-m\libg_nano.a(lib_a-wsetup.o)
                0x0000bffc                __swsetup_r
 .text.__sflush_r
                0x0000c0e4      0x112 c:/program files (x86)/gnu tools arm embedded/4.9 2015q3/bin/../lib/gcc/arm-none-eabi/4.9.3/../../../../arm-none-eabi/lib/armv6-m\libg_nano.a(lib_a-fflush.o)
                0x0000c0e4                __sflush_r
 *fill*         0x0000c1f6        0x2 
 .text._fflush_r
                0x0000c1f8       0x58 c:/program files (x86)/gnu tools arm embedded/4.9 2015q3/bin/../lib/gcc/arm-none-eabi/4.9.3/../../../../arm-none-eabi/lib/armv6-m\libg_nano.a(lib_a-fflush.o)
                0x0000c1f8                _fflush_r
 .text._cleanup_r
                0x0000c250       0x10 c:/program files (x86)/gnu tools arm embedded/4.9 2015q3/bin/../lib/gcc/arm-none-eabi/4.9.3/../../../../arm-none-eabi/lib/armv6-m\libg_nano.a(lib_a-findfp.o)
                0x0000c250                _cleanup_r
 .text.std.isra.0
                0x0000c260       0x48 c:/program files (x86)/gnu tools arm embedded/4.9 2015q3/bin/../lib/gcc/arm-none-eabi/4.9.3/../../../../arm-none-eabi/lib/armv6-m\libg_nano.a(lib_a-findfp.o)
 .text.__sfmoreglue
                0x0000c2a8       0x2c c:/program files (x86)/gnu tools arm embedded/4.9 2015q3/bin/../lib/gcc/arm-none-eabi/4.9.3/../../../../arm-none-eabi/lib/armv6-m\libg_nano.a(lib_a-findfp.o)
                0x0000c2a8                __sfmoreglue
 .text.__sinit  0x0000c2d4       0x64 c:/program files (x86)/gnu tools arm embedded/4.9 2015q3/bin/../lib/gcc/arm-none-eabi/4.9.3/../../../../arm-none-eabi/lib/armv6-m\libg_nano.a(lib_a-findfp.o)
                0x0000c2d4                __sinit
 .text.__sfp    0x0000c338       0x7c c:/program files (x86)/gnu tools arm embedded/4.9 2015q3/bin/../lib/gcc/arm-none-eabi/4.9.3/../../../../arm-none-eabi/lib/armv6-m\libg_nano.a(lib_a-findfp.o)
                0x0000c338                __sfp
 .text._fwalk_reent
                0x0000c3b4       0x42 c:/program files (x86)/gnu tools arm embedded/4.9 2015q3/bin/../lib/gcc/arm-none-eabi/4.9.3/../../../../arm-none-eabi/lib/armv6-m\libg_nano.a(lib_a-fwalk.o)
                0x0000c3b4                _fwalk_reent
 *fill*         0x0000c3f6        0x2 
 .text.__smakebuf_r
                0x0000c3f8       0xb0 c:/program files (x86)/gnu tools arm embedded/4.9 2015q3/bin/../lib/gcc/arm-none-eabi/4.9.3/../../../../arm-none-eabi/lib/armv6-m\libg_nano.a(lib_a-makebuf.o)
                0x0000c3f8                __smakebuf_r
 .text.malloc   0x0000c4a8       0x14 c:/program files (x86)/gnu tools arm embedded/4.9 2015q3/bin/../lib/gcc/arm-none-eabi/4.9.3/../../../../arm-none-eabi/lib/armv6-m\libg_nano.a(lib_a-malloc.o)
                0x0000c4a8                malloc
 .text._free_r  0x0000c4bc       0x8c c:/program files (x86)/gnu tools arm embedded/4.9 2015q3/bin/../lib/gcc/arm-none-eabi/4.9.3/../../../../arm-none-eabi/lib/armv6-m\libg_nano.a(lib_a-nano-freer.o)
                0x0000c4bc                _free_r
 .text._malloc_r
                0x0000c548       0xb0 c:/program files (x86)/gnu tools arm embedded/4.9 2015q3/bin/../lib/gcc/arm-none-eabi/4.9.3/../../../../arm-none-eabi/lib/armv6-m\libg_nano.a(lib_a-nano-mallocr.o)
                0x0000c548                _malloc_r
 .text.__ssputs_r
                0x0000c5f8       0xc0 c:/program files (x86)/gnu tools arm embedded/4.9 2015q3/bin/../lib/gcc/arm-none-eabi/4.9.3/../../../../arm-none-eabi/lib/armv6-m\libg_nano.a(lib_a-nano-svfprintf.o)
                0x0000c5f8                __ssputs_r
 .text._svfprintf_r
                0x0000c6b8      0x1ec c:/program files (x86)/gnu tools arm embedded/4.9 2015q3/bin/../lib/gcc/arm-none-eabi/4.9.3/../../../../arm-none-eabi/lib/armv6-m\libg_nano.a(lib_a-nano-svfprintf.o)
                0x0000c6b8                _svfiprintf_r
                0x0000c6b8                _svfprintf_r
 .text.__sfputc_r
                0x0000c8a4       0x2a c:/program files (x86)/gnu tools arm embedded/4.9 2015q3/bin/../lib/gcc/arm-none-eabi/4.9.3/../../../../arm-none-eabi/lib/armv6-m\libg_nano.a(lib_a-nano-vfprintf.o)
 .text.__sfputs_r
                0x0000c8ce       0x24 c:/program files (x86)/gnu tools arm embedded/4.9 2015q3/bin/../lib/gcc/arm-none-eabi/4.9.3/../../../../arm-none-eabi/lib/armv6-m\libg_nano.a(lib_a-nano-vfprintf.o)
                0x0000c8ce                __sfputs_r
 *fill*         0x0000c8f2        0x2 
 .text._vfprintf_r
                0x0000c8f4      0x220 c:/program files (x86)/gnu tools arm embedded/4.9 2015q3/bin/../lib/gcc/arm-none-eabi/4.9.3/../../../../arm-none-eabi/lib/armv6-m\libg_nano.a(lib_a-nano-vfprintf.o)
                0x0000c8f4                _vfprintf_r
                0x0000c8f4                _vfiprintf_r
 .text._printf_common
                0x0000cb14       0xdc c:/program files (x86)/gnu tools arm embedded/4.9 2015q3/bin/../lib/gcc/arm-none-eabi/4.9.3/../../../../arm-none-eabi/lib/armv6-m\libg_nano.a(lib_a-nano-vfprintf_i.o)
                0x0000cb14                _printf_common
 .text._printf_i
                0x0000cbf0      0x230 c:/program files (x86)/gnu tools arm embedded/4.9 2015q3/bin/../lib/gcc/arm-none-eabi/4.9.3/../../../../arm-none-eabi/lib/armv6-m\libg_nano.a(lib_a-nano-vfprintf_i.o)
                0x0000cbf0                _printf_i
 .text._sbrk_r  0x0000ce20       0x24 c:/program files (x86)/gnu tools arm embedded/4.9 2015q3/bin/../lib/gcc/arm-none-eabi/4.9.3/../../../../arm-none-eabi/lib/armv6-m\libg_nano.a(lib_a-sbrkr.o)
                0x0000ce20                _sbrk_r
 .text.__sread  0x0000ce44       0x28 c:/program files (x86)/gnu tools arm embedded/4.9 2015q3/bin/../lib/gcc/arm-none-eabi/4.9.3/../../../../arm-none-eabi/lib/armv6-m\libg_nano.a(lib_a-stdio.o)
                0x0000ce44                __sread
 .text.__swrite
                0x0000ce6c       0x38 c:/program files (x86)/gnu tools arm embedded/4.9 2015q3/bin/../lib/gcc/arm-none-eabi/4.9.3/../../../../arm-none-eabi/lib/armv6-m\libg_nano.a(lib_a-stdio.o)
                0x0000ce6c                __swrite
 .text.__sseek  0x0000cea4       0x2c c:/program files (x86)/gnu tools arm embedded/4.9 2015q3/bin/../lib/gcc/arm-none-eabi/4.9.3/../../../../arm-none-eabi/lib/armv6-m\libg_nano.a(lib_a-stdio.o)
                0x0000cea4                __sseek
 .text.__sclose
                0x0000ced0        0xc c:/program files (x86)/gnu tools arm embedded/4.9 2015q3/bin/../lib/gcc/arm-none-eabi/4.9.3/../../../../arm-none-eabi/lib/armv6-m\libg_nano.a(lib_a-stdio.o)
                0x0000ced0                __sclose
 .text._write_r
                0x0000cedc       0x28 c:/program files (x86)/gnu tools arm embedded/4.9 2015q3/bin/../lib/gcc/arm-none-eabi/4.9.3/../../../../arm-none-eabi/lib/armv6-m\libg_nano.a(lib_a-writer.o)
                0x0000cedc                _write_r
 .text._close_r
                0x0000cf04       0x24 c:/program files (x86)/gnu tools arm embedded/4.9 2015q3/bin/../lib/gcc/arm-none-eabi/4.9.3/../../../../arm-none-eabi/lib/armv6-m\libg_nano.a(lib_a-closer.o)
                0x0000cf04                _close_r
 .text._fstat_r
                0x0000cf28       0x24 c:/program files (x86)/gnu tools arm embedded/4.9 2015q3/bin/../lib/gcc/arm-none-eabi/4.9.3/../../../../arm-none-eabi/lib/armv6-m\libg_nano.a(lib_a-fstatr.o)
                0x0000cf28                _fstat_r
 .text._isatty_r
                0x0000cf4c       0x24 c:/program files (x86)/gnu tools arm embedded/4.9 2015q3/bin/../lib/gcc/arm-none-eabi/4.9.3/../../../../arm-none-eabi/lib/armv6-m\libg_nano.a(lib_a-isattyr.o)
                0x0000cf4c                _isatty_r
 .text._lseek_r
                0x0000cf70       0x28 c:/program files (x86)/gnu tools arm embedded/4.9 2015q3/bin/../lib/gcc/arm-none-eabi/4.9.3/../../../../arm-none-eabi/lib/armv6-m\libg_nano.a(lib_a-lseekr.o)
                0x0000cf70                _lseek_r
 .text.memchr   0x0000cf98       0x16 c:/program files (x86)/gnu tools arm embedded/4.9 2015q3/bin/../lib/gcc/arm-none-eabi/4.9.3/../../../../arm-none-eabi/lib/armv6-m\libg_nano.a(lib_a-memchr.o)
                0x0000cf98                memchr
 .text._realloc_r
                0x0000cfae       0x4c c:/program files (x86)/gnu tools arm embedded/4.9 2015q3/bin/../lib/gcc/arm-none-eabi/4.9.3/../../../../arm-none-eabi/lib/armv6-m\libg_nano.a(lib_a-nano-reallocr.o)
                0x0000cfae                _realloc_r
 *fill*         0x0000cffa        0x2 
 .text._read_r  0x0000cffc       0x28 c:/program files (x86)/gnu tools arm embedded/4.9 2015q3/bin/../lib/gcc/arm-none-eabi/4.9.3/../../../../arm-none-eabi/lib/armv6-m\libg_nano.a(lib_a-readr.o)
                0x0000cffc                _read_r
 .text._malloc_usable_size_r
                0x0000d024       0x16 c:/program files (x86)/gnu tools arm embedded/4.9 2015q3/bin/../lib/gcc/arm-none-eabi/4.9.3/../../../../arm-none-eabi/lib/armv6-m\libg_nano.a(lib_a-nano-msizer.o)
                0x0000d024                _malloc_usable_size_r
 *(.init)
 *(.fini)
 *crtbegin.o(.ctors)
 *crtbegin?.o(.ctors)
 *(EXCLUDE_FILE(*crtend.o *crtend?.o) .ctors)
 *(SORT(.ctors.*))
 *(.ctors)
 *crtbegin.o(.dtors)
 *crtbegin?.o(.dtors)
 *(EXCLUDE_FILE(*crtend.o *crtend?.o) .dtors)
 *(SORT(.dtors.*))
 *(.dtors)
 *(.rodata*)
 *fill*         0x0000d03a        0x2 
 .rodata        0x0000d03c        0x8 ..\obj\slip-bridge.o
                0x0000d03c                rpl_interface
 .rodata.str1.4
                0x0000d044       0xa5 ..\obj\slip-bridge.o
 *fill*         0x0000d0e9        0x3 
 .rodata.str1.4
                0x0000d0ec       0x14 ..\obj\main_app.o
 .rodata        0x0000d100       0x14 ..\obj\xgpio.o
 .rodata.str1.4
                0x0000d114       0xa9 ..\obj\tcpip.o
 *fill*         0x0000d1bd        0x1 
 .rodata.cst2   0x0000d1be        0x2 ..\obj\uip6.o
 .rodata        0x0000d1c0      0x140 ..\obj\uip6.o
 .rodata.str1.4
                0x0000d300      0x105 ..\obj\uip6.o
 *fill*         0x0000d405        0x3 
 .rodata        0x0000d408       0x80 ..\obj\BRTOS.o
                0x0000d408                PriorityMask
 .rodata.str1.4
                0x0000d488       0x10 ..\obj\BRTOS.o
 .rodata        0x0000d498        0x8 ..\obj\contiki-main.o
                0x0000d498                addr
 .rodata.str1.4
                0x0000d4a0       0x6e ..\obj\contiki-main.o
 *fill*         0x0000d50e        0x2 
 .rodata.str1.4
                0x0000d510        0xc ..\obj\etimer.o
 .rodata        0x0000d51c       0x38 ..\obj\mrf24j40.o
                0x0000d51c                mrf24j40_driver
 .rodata.str1.4
                0x0000d554       0x10 ..\obj\mrf24j40.o
 .rodata        0x0000d564       0xe8 ..\obj\xsysctl.o
 .rodata        0x0000d64c       0x24 ..\obj\sicslowpan.o
                0x0000d650                unc_ctxconf
                0x0000d654                unc_llconf
                0x0000d658                llprefix
                0x0000d660                unc_mxconf
                0x0000d664                sicslowpan_driver
 .rodata.str1.4
                0x0000d670        0xb ..\obj\sicslowpan.o
 *fill*         0x0000d67b        0x1 
 .rodata        0x0000d67c       0x18 ..\obj\nullsec.o
                0x0000d67c                nullsec_driver
 .rodata.str1.4
                0x0000d694        0x8 ..\obj\nullsec.o
 .rodata.str1.4
                0x0000d69c       0x2d ..\obj\uip-debug.o
 *fill*         0x0000d6c9        0x3 
 .rodata.str1.4
                0x0000d6cc        0x7 ..\obj\printf_lib.o
 *fill*         0x0000d6d3        0x1 
 .rodata        0x0000d6d4       0x20 ..\obj\border-router.o
                0x0000d6e8                autostart_processes
 .rodata.str1.4
                0x0000d6f4       0xf2 ..\obj\border-router.o
                                0x106 (size before relaxing)
 *fill*         0x0000d7e6        0x2 
 .rodata        0x0000d7e8       0xe6 ..\obj\httpd-simple.o
                0x0000d7e8                http_get
                0x0000d7f0                http_index_html
                0x0000d7fc                http_content_type_html
                0x0000d818                http_header_404
                0x0000d878                http_header_200
 *fill*         0x0000d8ce        0x2 
 .rodata.str1.4
                0x0000d8d0       0x69 ..\obj\httpd-simple.o
 *fill*         0x0000d939        0x3 
 .rodata        0x0000d93c       0x1c ..\obj\nullmac.o
                0x0000d93c                nullmac_driver
 .rodata.str1.4
                0x0000d958        0x8 ..\obj\nullmac.o
 .rodata.str1.4
                0x0000d960       0x24 ..\obj\slip.o
 .rodata.str1.4
                0x0000d984        0xf ..\obj\ctimer.o
 *fill*         0x0000d993        0x1 
 .rodata        0x0000d994       0x20 ..\obj\nullrdc.o
                0x0000d994                nullrdc_driver
 .rodata.str1.4
                0x0000d9b4        0x8 ..\obj\nullrdc.o
 .rodata        0x0000d9bc        0x8 ..\obj\linkaddr.o
                0x0000d9bc                linkaddr_null
 .rodata        0x0000d9c4       0x10 ..\obj\framer-802154.o
                0x0000d9c4                framer_802154
 .rodata.str1.1
                0x0000d9d4        0x2 c:/program files (x86)/gnu tools arm embedded/4.9 2015q3/bin/../lib/gcc/arm-none-eabi/4.9.3/../../../../arm-none-eabi/lib/armv6-m\libg_nano.a(lib_a-impure.o)
 *fill*         0x0000d9d6        0x2 
 .rodata._global_impure_ptr
                0x0000d9d8        0x4 c:/program files (x86)/gnu tools arm embedded/4.9 2015q3/bin/../lib/gcc/arm-none-eabi/4.9.3/../../../../arm-none-eabi/lib/armv6-m\libg_nano.a(lib_a-impure.o)
                0x0000d9d8                _global_impure_ptr
 .rodata.__sf_fake_stdin
                0x0000d9dc       0x20 c:/program files (x86)/gnu tools arm embedded/4.9 2015q3/bin/../lib/gcc/arm-none-eabi/4.9.3/../../../../arm-none-eabi/lib/armv6-m\libg_nano.a(lib_a-findfp.o)
                0x0000d9dc                __sf_fake_stdin
 .rodata.__sf_fake_stdout
                0x0000d9fc       0x20 c:/program files (x86)/gnu tools arm embedded/4.9 2015q3/bin/../lib/gcc/arm-none-eabi/4.9.3/../../../../arm-none-eabi/lib/armv6-m\libg_nano.a(lib_a-findfp.o)
                0x0000d9fc                __sf_fake_stdout
 .rodata.__sf_fake_stderr
                0x0000da1c       0x20 c:/program files (x86)/gnu tools arm embedded/4.9 2015q3/bin/../lib/gcc/arm-none-eabi/4.9.3/../../../../arm-none-eabi/lib/armv6-m\libg_nano.a(lib_a-findfp.o)
                0x0000da1c                __sf_fake_stderr
 .rodata.str1.1
                0x0000da3c       0x11 c:/program files (x86)/gnu tools arm embedded/4.9 2015q3/bin/../lib/gcc/arm-none-eabi/4.9.3/../../../../arm-none-eabi/lib/armv6-m\libg_nano.a(lib_a-nano-svfprintf.o)
 .rodata.str1.1
                0x00000000       0x11 c:/program files (x86)/gnu tools arm embedded/4.9 2015q3/bin/../lib/gcc/arm-none-eabi/4.9.3/../../../../arm-none-eabi/lib/armv6-m\libg_nano.a(lib_a-nano-vfprintf.o)
 .rodata.str1.1
                0x0000da4d       0x22 c:/program files (x86)/gnu tools arm embedded/4.9 2015q3/bin/../lib/gcc/arm-none-eabi/4.9.3/../../../../arm-none-eabi/lib/armv6-m\libg_nano.a(lib_a-nano-vfprintf_i.o)
 *(.eh_fram e*)

.glue_7         0x0000da70        0x0
 .glue_7        0x00000000        0x0 linker stubs

.glue_7t        0x0000da70        0x0
 .glue_7t       0x00000000        0x0 linker stubs

.vfp11_veneer   0x0000da70        0x0
 .vfp11_veneer  0x00000000        0x0 linker stubs

.v4_bx          0x0000da70        0x0
 .v4_bx         0x00000000        0x0 linker stubs

.iplt           0x0000da70        0x0
 .iplt          0x00000000        0x0 ..\obj\slip-arch.o

.ARM.extab
 *(.ARM.extab* .gnu.linkonce.armextab.*)
                0x0000da70                __exidx_start = .

.ARM.exidx      0x0000da70        0x8
 *(.ARM.exidx* .gnu.linkonce.armexidx.*)
 .ARM.exidx     0x0000da70        0x8 c:/program files (x86)/gnu tools arm embedded/4.9 2015q3/bin/../lib/gcc/arm-none-eabi/4.9.3/armv6-m\libgcc.a(_divdi3.o)
 .ARM.exidx     0x0000da78        0x0 c:/program files (x86)/gnu tools arm embedded/4.9 2015q3/bin/../lib/gcc/arm-none-eabi/4.9.3/armv6-m\libgcc.a(_udivdi3.o)
                                  0x8 (size before relaxing)
                0x0000da78                __exidx_end = .
                0x0000da78                __etext = .
                0x0000da78                _sidata = __etext

.rel.dyn        0x0000da78        0x0
 .rel.iplt      0x00000000        0x0 ..\obj\slip-arch.o

.data           0x1ffff000      0x220 load address 0x0000da78
                0x1ffff000                __data_start__ = .
                0x1ffff000                _sdata = __data_start__
 *(vtable)
 *(.data*)
 .data          0x1ffff000       0x34 ..\obj\uip-ds6-route.o
 .data          0x1ffff034       0x18 ..\obj\uip-icmp6.o
 .data          0x1ffff04c       0x10 ..\obj\tcpip.o
                0x1ffff04c                tcpip_process
 .data          0x1ffff05c       0x10 ..\obj\BRTOS.o
                0x1ffff05c                OSBlockedList
                0x1ffff060                StackAddress
                0x1ffff064                flag_load
                0x1ffff068                version
 .data          0x1ffff06c       0x14 ..\obj\uip-ds6-nbr.o
                0x1ffff06c                ds6_neighbors
 .data          0x1ffff080        0x8 ..\obj\contiki-main.o
                0x1ffff080                procinit
 .data          0x1ffff088        0xc ..\obj\uip-packetqueue.o
 .data          0x1ffff094        0xc ..\obj\nbr-table.o
 .data          0x1ffff0a0       0x10 ..\obj\etimer.o
                0x1ffff0a0                etimer_process
 .data          0x1ffff0b0       0x10 ..\obj\mrf24j40.o
                0x1ffff0b0                mrf24j40_process
 .data          0x1ffff0c0       0x24 ..\obj\uip-nd6.o
 .data          0x1ffff0e4       0x14 ..\obj\rpl-dag.o
                0x1ffff0e4                rpl_parents
 .data          0x1ffff0f8       0x1c ..\obj\rpl-mrhof.o
                0x1ffff0f8                rpl_mrhof
 .data          0x1ffff114       0x18 ..\obj\queuebuf.o
 .data          0x1ffff12c       0x30 ..\obj\border-router.o
                0x1ffff12c                dag_id
                0x1ffff13c                webserver_nogui_process
                0x1ffff14c                border_router_process
 .data          0x1ffff15c        0xc ..\obj\httpd-simple.o
 .data          0x1ffff168       0x10 ..\obj\slip.o
                0x1ffff168                slip_process
 .data          0x1ffff178       0x10 ..\obj\ctimer.o
                0x1ffff178                ctimer_process
 .data          0x1ffff188       0x34 ..\obj\rpl-icmp6.o
 .data.impure_data
                0x1ffff1bc       0x60 c:/program files (x86)/gnu tools arm embedded/4.9 2015q3/bin/../lib/gcc/arm-none-eabi/4.9.3/../../../../arm-none-eabi/lib/armv6-m\libg_nano.a(lib_a-impure.o)
 .data._impure_ptr
                0x1ffff21c        0x4 c:/program files (x86)/gnu tools arm embedded/4.9 2015q3/bin/../lib/gcc/arm-none-eabi/4.9.3/../../../../arm-none-eabi/lib/armv6-m\libg_nano.a(lib_a-impure.o)
                0x1ffff21c                _impure_ptr
                0x1ffff220                . = ALIGN (0x4)
                0x1ffff220                PROVIDE (__preinit_array_start, .)
 *(.preinit_array)
                0x1ffff220                PROVIDE (__preinit_array_end, .)
                0x1ffff220                . = ALIGN (0x4)
                0x1ffff220                PROVIDE (__init_array_start, .)
 *(SORT(.init_array.*))
 *(.init_array)
                0x1ffff220                PROVIDE (__init_array_end, .)
                0x1ffff220                . = ALIGN (0x4)
                0x1ffff220                PROVIDE (__fini_array_start, .)
 *(SORT(.fini_array.*))
 *(.fini_array)
                0x1ffff220                PROVIDE (__fini_array_end, .)
 *(.jcr*)
                0x1ffff220                . = ALIGN (0x4)
                0x1ffff220                __data_end__ = .
                0x1ffff220                _edata = __data_end__

.igot.plt       0x1ffff220        0x0 load address 0x0000dc98
 .igot.plt      0x00000000        0x0 ..\obj\slip-arch.o

.bss            0x1ffff220     0x35a0 load address 0x0000dc98
                0x1ffff220                . = ALIGN (0x4)
                0x1ffff220                __bss_start__ = .
                0x1ffff220                _sbss = __bss_start__
 *(.bss*)
 .bss           0x1ffff220        0x1 ..\obj\slip-arch.o
                0x1ffff220                buffer_send_i
 *fill*         0x1ffff221        0x3 
 .bss           0x1ffff224       0x11 ..\obj\slip-bridge.o
 *fill*         0x1ffff235        0x3 
 .bss           0x1ffff238      0x14c ..\obj\uip-ds6-route.o
 .bss           0x1ffff384       0x18 ..\obj\uip-icmp6.o
 .bss           0x1ffff39c       0x40 ..\obj\xgpio.o
 *fill*         0x1ffff3dc        0x4 
 .bss           0x1ffff3e0       0x35 ..\obj\tcpip.o
 *fill*         0x1ffff415        0x3 
 .bss           0x1ffff418      0x42d ..\obj\uip6.o
                0x1ffff418                uip_ext_opt_offset
                0x1ffff419                uip_ext_len
                0x1ffff828                uip_ext_bitmap
 .bss           0x1ffff845        0x2 ..\obj\spi_cox.o
                0x1ffff845                SPI0Data
                0x1ffff846                SPI1Data
 *fill*         0x1ffff847        0x1 
 .bss           0x1ffff848       0x1e ..\obj\BRTOS.o
                0x1ffff84a                iNesting
                0x1ffff84c                OSReadyList
                0x1ffff850                TaskAlloc
                0x1ffff854                iStackAddress
                0x1ffff856                DutyCnt
                0x1ffff858                LastOSDuty
                0x1ffff85c                OSDutyTmp
                0x1ffff860                OSDuty
                0x1ffff864                iQueueAddress
 *fill*         0x1ffff866        0x2 
 .bss           0x1ffff868      0x108 ..\obj\uip-ds6-nbr.o
 .bss           0x1ffff970      0x882 ..\obj\uip-packetqueue.o
 *fill*         0x200001f2        0x2 
 .bss           0x200001f4       0x86 ..\obj\nbr-table.o
 *fill*         0x2000027a        0x2 
 .bss           0x2000027c        0x4 ..\obj\xwdt.o
 .bss           0x20000280       0x10 ..\obj\etimer.o
 .bss           0x20000290        0x6 ..\obj\mrf24j40.o
                0x20000291                int_status
 *fill*         0x20000296        0x2 
 .bss           0x20000298       0xbc ..\obj\packetbuf.o
 .bss           0x20000354       0x14 ..\obj\uip-nd6.o
 .bss           0x20000368      0x448 ..\obj\sicslowpan.o
 .bss           0x200007b0       0xc0 ..\obj\rpl-dag.o
 .bss           0x20000870       0x39 ..\obj\rpl-timers.o
 *fill*         0x200008a9        0x3 
 .bss           0x200008ac      0x1ba ..\obj\queuebuf.o
 *fill*         0x20000a66        0x2 
 .bss           0x20000a68       0x95 ..\obj\process.o
                0x20000a68                process_current
                0x20000a6c                process_list
 *fill*         0x20000afd        0x3 
 .bss           0x20000b00        0x4 ..\obj\printf_lib.o
 .bss           0x20000b04        0x4 ..\obj\syscalls.o
 .bss           0x20000b08        0x1 ..\obj\rpl.o
 *fill*         0x20000b09        0x7 
 .bss           0x20000b10      0x138 ..\obj\border-router.o
 .bss           0x20000c48       0x15 ..\obj\OS_RTC.o
 *fill*         0x20000c5d        0x3 
 .bss           0x20000c60      0x102 ..\obj\httpd-simple.o
 *fill*         0x20000d62        0x2 
 .bss           0x20000d64      0x41c ..\obj\slip.o
 .bss           0x20001180        0x5 ..\obj\ctimer.o
 *fill*         0x20001185        0x3 
 .bss           0x20001188       0x23 ..\obj\uip-ds6.o
 .bss           0x200011ab        0x1 ..\obj\UART.o
                0x200011ab                buffer_rcvd_i
 .bss           0x200011ac        0xc ..\obj\xuart.o
 .bss           0x200011b8        0x2 ..\obj\framer-802154.o
 *fill*         0x200011ba        0x6 
 .bss           0x200011c0        0x8 ..\obj\clock.o
 .bss.__malloc_sbrk_start
                0x200011c8        0x4 c:/program files (x86)/gnu tools arm embedded/4.9 2015q3/bin/../lib/gcc/arm-none-eabi/4.9.3/../../../../arm-none-eabi/lib/armv6-m\libg_nano.a(lib_a-nano-mallocr.o)
                0x200011c8                __malloc_sbrk_start
 .bss.__malloc_free_list
                0x200011cc        0x4 c:/program files (x86)/gnu tools arm embedded/4.9 2015q3/bin/../lib/gcc/arm-none-eabi/4.9.3/../../../../arm-none-eabi/lib/armv6-m\libg_nano.a(lib_a-nano-mallocr.o)
                0x200011cc                __malloc_free_list
 *(COMMON)
 COMMON         0x200011d0      0x100 ..\obj\slip-arch.o
                0x200011d0                buffer_send
 COMMON         0x200012d0        0x1 ..\obj\tcpip.o
                0x200012d0                tcpip_event
 *fill*         0x200012d1        0x7 
 COMMON         0x200012d8      0x47a ..\obj\uip6.o
                0x200012d8                uip_len
                0x200012dc                uip_sappdata
                0x200012e0                uip_acc32
                0x200012e4                uip_lladdr
                0x200012ec                uip_aligned_buf
                0x200016ec                uip_flags
                0x200016f0                uip_next_hdr
                0x200016f4                uip_appdata
                0x200016f8                uip_conn
                0x200016fc                uip_conns
                0x2000172c                uip_reass_on
                0x20001730                uip_listenports
                0x20001738                uip_reass_timer
                0x20001750                uip_slen
 *fill*         0x20001752        0x2 
 COMMON         0x20001754      0x7fc ..\obj\BRTOS.o
                0x20001754                BRTOS_Sem_Table
                0x20001774                BRTOS_Queue_Table
                0x20001798                NumberOfInstalledTasks
                0x2000179c                PriorityVector
                0x200017bc                SelectedTask
                0x200017bd                currentTask
                0x200017c0                QUEUE_STACK
                0x200017c0                BRTOS_Mutex_Table
                0x200017d8                STACK
                0x20001e58                Head
                0x20001e5c                ContextTask
                0x20001f4c                Tail
 COMMON         0x20001f50        0x4 ..\obj\contiki-main.o
                0x20001f50                Contiki_Sem
 COMMON         0x20001f54       0x54 ..\obj\packetbuf.o
                0x20001f54                packetbuf_addrs
                0x20001f74                packetbuf_attrs
 COMMON         0x20001fa8        0x8 ..\obj\sicslowpan.o
                0x20001fa8                frag_sender
 COMMON         0x20001fb0      0x170 ..\obj\rpl-dag.o
                0x20001fb0                default_instance
                0x20001fb8                instance_table
 COMMON         0x20002120        0x4 ..\obj\HAL.o
                0x20002120                SPvalue
 COMMON         0x20002124       0x20 ..\obj\printf_lib.o
                0x20002124                printf_buf
 COMMON         0x20002144        0xa ..\obj\slip.o
                0x20002144                slip_active
                0x20002146                slip_ip_drop
                0x20002148                slip_rubbish
                0x2000214a                slip_twopackets
                0x2000214c                slip_overflow
 COMMON         0x2000214e        0x1 ..\obj\sensors.o
                0x2000214e                sensors_event
 *fill*         0x2000214f        0x1 
 COMMON         0x20002150      0x210 ..\obj\uip-ds6.o
                0x20002150                uip_ds6_timer_ra
                0x20002158                uip_ds6_if
                0x200022c4                uip_ds6_netif_addr_list_offset
                0x200022c5                uip_ds6_addr_size
                0x200022c8                uip_ds6_prefix_list
                0x20002348                uip_ds6_timer_periodic
 COMMON         0x20002360      0x454 ..\obj\UART.o
                0x20002360                SerialTX2
                0x20002364                Serial1
                0x20002368                buffer_rcvd
                0x20002768                Serial0
                0x2000276c                SerialPortBuffer1
                0x20002780                SerialPortBuffer0
                0x20002794                SerialTX1
                0x20002798                SerialTX0
                0x2000279c                SerialPortBuffer2
                0x200027b0                Serial2
 COMMON         0x200027b4        0x8 ..\obj\linkaddr.o
                0x200027b4                linkaddr_node_addr
 COMMON         0x200027bc        0x4 c:/program files (x86)/gnu tools arm embedded/4.9 2015q3/bin/../lib/gcc/arm-none-eabi/4.9.3/../../../../arm-none-eabi/lib/armv6-m\libg_nano.a(lib_a-reent.o)
                0x200027bc                errno
                0x200027c0                . = ALIGN (0x4)
                0x200027c0                __bss_end__ = .
                0x200027c0                _ebss = __bss_end__

.heap           0x200027c0        0x0
                0x200027c0                __end__ = .
                0x200027c0                _end = __end__
                0x200027c0                end = __end__
 *(.heap*)
                0x200027c0                __HeapLimit = .

.co_stack       0x200027c0      0x180 load address 0x00011238
                0x200027c0                . = ALIGN (0x8)
 *(.co_stack .co_stack.*)
 .co_stack      0x200027c0      0x180 ..\obj\startup_coide.o
                0x200027c0                pulStack
                0x20003000                __StackTop = (ORIGIN (ram) + 0x4000)
                0x20002e80                __StackLimit = (__StackTop - SIZEOF (.co_stack))
                0x20003000                PROVIDE (__stack, __StackTop)
                0x00000001                ASSERT ((__StackLimit >= __HeapLimit), region ram  overflowed with stack)
LOAD ..\obj\slip-arch.o
LOAD ..\obj\channel.o
LOAD ..\obj\startup_coide.o
LOAD ..\obj\anti-replay.o
LOAD ..\obj\unicast.o
LOAD ..\obj\uip-udp-packet.o
LOAD ..\obj\rtimer-arch.o
LOAD ..\obj\xdebug.o
LOAD ..\obj\leds-arch.o
LOAD ..\obj\slip-bridge.o
LOAD ..\obj\uip-ds6-route.o
LOAD ..\obj\ip64-addr.o
LOAD ..\obj\runicast.o
LOAD ..\obj\mesh.o
LOAD ..\obj\xcore.o
LOAD ..\obj\timer.o
LOAD ..\obj\uip-icmp6.o
LOAD ..\obj\main_app.o
LOAD ..\obj\collect-neighbor.o
LOAD ..\obj\xgpio.o
LOAD ..\obj\nullradio.o
LOAD ..\obj\roll-tm.o
LOAD ..\obj\multihop.o
LOAD ..\obj\udp-socket.o
LOAD ..\obj\me.o
LOAD ..\obj\tcp-socket.o
LOAD ..\obj\chameleon-bitopt.o
LOAD ..\obj\route-discovery.o
LOAD ..\obj\mmem.o
LOAD ..\obj\tcpip.o
LOAD ..\obj\DAC.o
LOAD ..\obj\compower.o
LOAD ..\obj\uip6.o
LOAD ..\obj\spi_cox.o
LOAD ..\obj\BRTOS.o
LOAD ..\obj\uip-mcast6-route.o
LOAD ..\obj\broadcast-announcement.o
LOAD ..\obj\abc.o
LOAD ..\obj\uip-ds6-nbr.o
LOAD ..\obj\contiki-main.o
LOAD ..\obj\ringbuf.o
LOAD ..\obj\petsciiconv.o
LOAD ..\obj\assert.o
LOAD ..\obj\psock.o
LOAD ..\obj\strncasecmp.o
LOAD ..\obj\uip-packetqueue.o
LOAD ..\obj\main.o
LOAD ..\obj\procinit.o
LOAD ..\obj\contikimac.o
LOAD ..\obj\utils.o
LOAD ..\obj\noncoresec.o
LOAD ..\obj\phase.o
LOAD ..\obj\nbr-table.o
LOAD ..\obj\route.o
LOAD ..\obj\FLASH.o
LOAD ..\obj\timers.o
LOAD ..\obj\me_tabs.o
LOAD ..\obj\slipdev.o
LOAD ..\obj\system.o
LOAD ..\obj\print-stats.o
LOAD ..\obj\rpl-dag-root.o
LOAD ..\obj\rudolph1.o
LOAD ..\obj\xwdt.o
LOAD ..\obj\mac-sequence.o
LOAD ..\obj\ccm-star.o
LOAD ..\obj\uiplib.o
LOAD ..\obj\uip-split.o
LOAD ..\obj\etimer.o
LOAD ..\obj\mtarch.o
LOAD ..\obj\mrf24j40.o
LOAD ..\obj\packetbuf.o
LOAD ..\obj\framer-nullmac.o
LOAD ..\obj\rudolph2.o
LOAD ..\obj\rucb.o
LOAD ..\obj\ccm-star-packetbuf.o
LOAD ..\obj\collect-link-estimate.o
LOAD ..\obj\energest.o
LOAD ..\obj\watchdog.o
LOAD ..\obj\uip-nd6.o
LOAD ..\obj\xsysctl.o
LOAD ..\obj\mbox.o
LOAD ..\obj\cxmac.o
LOAD ..\obj\sicslowpan.o
LOAD ..\obj\rpl-dag.o
LOAD ..\obj\HAL.o
LOAD ..\obj\nullsec.o
LOAD ..\obj\rpl-ext-header.o
LOAD ..\obj\tasks.o
LOAD ..\obj\netstack.o
LOAD ..\obj\stbroadcast.o
LOAD ..\obj\rpl-timers.o
LOAD ..\obj\collect.o
LOAD ..\obj\timesynch.o
LOAD ..\obj\rpl-mrhof.o
LOAD ..\obj\rtimer.o
LOAD ..\obj\stunicast.o
LOAD ..\obj\xmem.o
LOAD ..\obj\trickle.o
LOAD ..\obj\queuebuf.o
LOAD ..\obj\dhcpc.o
LOAD ..\obj\leds.o
LOAD ..\obj\polite-announcement.o
LOAD ..\obj\sicslowmac.o
LOAD ..\obj\uip-debug.o
LOAD ..\obj\netflood.o
LOAD ..\obj\chameleon-raw.o
LOAD ..\obj\memb.o
LOAD ..\obj\trickle-timer.o
LOAD ..\obj\aes-128.o
LOAD ..\obj\rimestats.o
LOAD ..\obj\simple-udp.o
LOAD ..\obj\process.o
LOAD ..\obj\printf_lib.o
LOAD ..\obj\list.o
LOAD ..\obj\rpl-of0.o
LOAD ..\obj\syscalls.o
LOAD ..\obj\framer.o
LOAD ..\obj\LPO.o
LOAD ..\obj\semaphore.o
LOAD ..\obj\uip-nameserver.o
LOAD ..\obj\rpl.o
LOAD ..\obj\border-router.o
LOAD ..\obj\queue.o
LOAD ..\obj\announcement.o
LOAD ..\obj\mutex.o
LOAD ..\obj\OS_RTC.o
LOAD ..\obj\settings.o
LOAD ..\obj\httpd-simple.o
LOAD ..\obj\contikimac-framer.o
LOAD ..\obj\smrf.o
LOAD ..\obj\accel.o
LOAD ..\obj\mt.o
LOAD ..\obj\arg.o
LOAD ..\obj\random.o
LOAD ..\obj\nullmac.o
LOAD ..\obj\slip.o
LOAD ..\obj\uip-mcast6-stats.o
LOAD ..\obj\ctimer.o
LOAD ..\obj\mac.o
LOAD ..\obj\csma.o
LOAD ..\obj\nullrdc.o
LOAD ..\obj\nullrdc-noframer.o
LOAD ..\obj\sensors.o
LOAD ..\obj\crc16.o
LOAD ..\obj\uip-ds6.o
LOAD ..\obj\UART.o
LOAD ..\obj\neighbor-discovery.o
LOAD ..\obj\linkaddr.o
LOAD ..\obj\autostart.o
LOAD ..\obj\FLASH1.o
LOAD ..\obj\chameleon.o
LOAD ..\obj\cpu.o
LOAD ..\obj\stimer.o
LOAD ..\obj\ipolite.o
LOAD ..\obj\rmh.o
LOAD ..\obj\cfs-coffee.o
LOAD ..\obj\serial-line.o
LOAD ..\obj\xuart.o
LOAD ..\obj\gcr.o
LOAD ..\obj\OSInfo.o
LOAD ..\obj\polite.o
LOAD ..\obj\resolv.o
LOAD ..\obj\framer-802154.o
LOAD ..\obj\frame802154.o
LOAD ..\obj\ifft.o
LOAD ..\obj\broadcast.o
LOAD ..\obj\packetqueue.o
LOAD ..\obj\rpl-icmp6.o
LOAD ..\obj\clock.o
START GROUP
LOAD c:/program files (x86)/gnu tools arm embedded/4.9 2015q3/bin/../lib/gcc/arm-none-eabi/4.9.3/armv6-m\libgcc.a
LOAD c:/program files (x86)/gnu tools arm embedded/4.9 2015q3/bin/../lib/gcc/arm-none-eabi/4.9.3/../../../../arm-none-eabi/lib/armv6-m\libg_nano.a
LOAD c:/program files (x86)/gnu tools arm embedded/4.9 2015q3/bin/../lib/gcc/arm-none-eabi/4.9.3/../../../../arm-none-eabi/lib/armv6-m\libc_nano.a
END GROUP
START GROUP
LOAD c:/program files (x86)/gnu tools arm embedded/4.9 2015q3/bin/../lib/gcc/arm-none-eabi/4.9.3/armv6-m\libgcc.a
LOAD c:/program files (x86)/gnu tools arm embedded/4.9 2015q3/bin/../lib/gcc/arm-none-eabi/4.9.3/../../../../arm-none-eabi/lib/armv6-m\libc_nano.a
END GROUP
OUTPUT(BRTOS_FRDM_KL25Z.elf elf32-littlearm)

.debug_info     0x00000000    0x25c87
 .debug_info    0x00000000      0x1c6 ..\obj\slip-arch.o
 .debug_info    0x000001c6      0x15f ..\obj\startup_coide.o
 .debug_info    0x00000325      0x6f6 ..\obj\slip-bridge.o
 .debug_info    0x00000a1b     0x166b ..\obj\uip-ds6-route.o
 .debug_info    0x00002086      0x486 ..\obj\xcore.o
 .debug_info    0x0000250c      0x1a7 ..\obj\timer.o
 .debug_info    0x000026b3      0xa55 ..\obj\uip-icmp6.o
 .debug_info    0x00003108      0x14e ..\obj\main_app.o
 .debug_info    0x00003256      0xa2c ..\obj\xgpio.o
 .debug_info    0x00003c82     0x15c0 ..\obj\tcpip.o
 .debug_info    0x00005242     0x17dd ..\obj\uip6.o
 .debug_info    0x00006a1f      0x4da ..\obj\spi_cox.o
 .debug_info    0x00006ef9      0xcaa ..\obj\BRTOS.o
 .debug_info    0x00007ba3      0xf69 ..\obj\uip-ds6-nbr.o
 .debug_info    0x00008b0c      0x8f9 ..\obj\contiki-main.o
 .debug_info    0x00009405      0x895 ..\obj\psock.o
 .debug_info    0x00009c9a      0x558 ..\obj\uip-packetqueue.o
 .debug_info    0x0000a1f2      0x4b6 ..\obj\main.o