Archive member included because of file (symbol)

c:/program files (x86)/gnu tools arm embedded/4.7 2013q1/bin/../lib/gcc/arm-none-eabi/4.7.3/armv6-m\libgcc.a(_udivsi3.o)
                              ..\obj\BRTOS.o (__aeabi_uidiv)
c:/program files (x86)/gnu tools arm embedded/4.7 2013q1/bin/../lib/gcc/arm-none-eabi/4.7.3/armv6-m\libgcc.a(_divsi3.o)
                              ..\obj\utils.o (__aeabi_idiv)
c:/program files (x86)/gnu tools arm embedded/4.7 2013q1/bin/../lib/gcc/arm-none-eabi/4.7.3/armv6-m\libgcc.a(_dvmd_tls.o)
                              c:/program files (x86)/gnu tools arm embedded/4.7 2013q1/bin/../lib/gcc/arm-none-eabi/4.7.3/armv6-m\libgcc.a(_udivsi3.o) (__aeabi_idiv0)
c:/program files (x86)/gnu tools arm embedded/4.7 2013q1/bin/../lib/gcc/arm-none-eabi/4.7.3/../../../../arm-none-eabi/lib/armv6-m\libg.a(lib_a-memcpy.o)
                              ..\obj\OS_RTC.o (memcpy)

Allocating common symbols
Common symbol       size              file

SerialTX2           0x4               ..\obj\UART.o
BRTOS_Sem_Table     0x50              ..\obj\BRTOS.o
Serial1             0x4               ..\obj\UART.o
BRTOS_Queue_Table   0x24              ..\obj\BRTOS.o
NumberOfInstalledTasks
                    0x1               ..\obj\BRTOS.o
SPvalue             0x4               ..\obj\HAL.o
PriorityVector      0x20              ..\obj\BRTOS.o
SelectedTask        0x1               ..\obj\BRTOS.o
currentTask         0x1               ..\obj\BRTOS.o
Serial0             0x4               ..\obj\UART.o
SerialPortBuffer1   0x14              ..\obj\UART.o
QUEUE_STACK         0x400             ..\obj\BRTOS.o
SerialPortBuffer0   0x14              ..\obj\UART.o
SerialTX1           0x4               ..\obj\UART.o
SerialTX0           0x4               ..\obj\UART.o
SerialPortBuffer2   0x14              ..\obj\UART.o
BRTOS_Mutex_Table   0x30              ..\obj\BRTOS.o
BRTOS_Mbox_Table    0x18              ..\obj\BRTOS.o
STACK               0x1100            ..\obj\BRTOS.o
Head                0x4               ..\obj\BRTOS.o
ContextTask         0xf0              ..\obj\BRTOS.o
Tail                0x4               ..\obj\BRTOS.o
Serial2             0x4               ..\obj\UART.o

Discarded input sections

 .text          0x00000000        0x0 ..\obj\startup_coide.o
 .data          0x00000000        0x0 ..\obj\startup_coide.o
 .bss           0x00000000        0x0 ..\obj\startup_coide.o
 .text          0x00000000        0x0 ..\obj\xdebug.o
 .data          0x00000000        0x0 ..\obj\xdebug.o
 .bss           0x00000000        0x0 ..\obj\xdebug.o
 .debug_line    0x00000000        0x0 ..\obj\xdebug.o
 .comment       0x00000000       0x71 ..\obj\xdebug.o
 .ARM.attributes
                0x00000000       0x32 ..\obj\xdebug.o
 .text          0x00000000        0x0 ..\obj\spi.o
 .data          0x00000000        0x0 ..\obj\spi.o
 .bss           0x00000000        0x2 ..\obj\spi.o
 .text.init_SPI
                0x00000000       0x98 ..\obj\spi.o
 .text.SPI0_SendChar
                0x00000000       0x30 ..\obj\spi.o
 .text.SPI0_GetChar
                0x00000000       0x30 ..\obj\spi.o
 .text.SPI1_SendChar
                0x00000000       0x30 ..\obj\spi.o
 .text.SPI1_GetChar
                0x00000000       0x30 ..\obj\spi.o
 .debug_info    0x00000000      0x51f ..\obj\spi.o
 .debug_abbrev  0x00000000      0x154 ..\obj\spi.o
 .debug_loc     0x00000000       0xe5 ..\obj\spi.o
 .debug_aranges
                0x00000000       0x40 ..\obj\spi.o
 .debug_ranges  0x00000000       0x60 ..\obj\spi.o
 .debug_line    0x00000000      0x272 ..\obj\spi.o
 .debug_str     0x00000000      0x2d2 ..\obj\spi.o
 .comment       0x00000000       0x71 ..\obj\spi.o
 .ARM.attributes
                0x00000000       0x32 ..\obj\spi.o
 .debug_frame   0x00000000       0x88 ..\obj\spi.o
 .text          0x00000000        0x0 ..\obj\xcore.o
 .data          0x00000000        0x0 ..\obj\xcore.o
 .bss           0x00000000        0x0 ..\obj\xcore.o
 .text.IntDefaultHandler
                0x00000000        0x4 ..\obj\xcore.o
 .text.xCPUcpsid
                0x00000000        0x8 ..\obj\xcore.o
 .text.xCPUprimask
                0x00000000        0x8 ..\obj\xcore.o
 .text.xCPUcpsie
                0x00000000        0x8 ..\obj\xcore.o
 .text.xCPUwfi  0x00000000        0x4 ..\obj\xcore.o
 .text.xCPUbasepriSet
                0x00000000        0x8 ..\obj\xcore.o
 .text.xCPUbasepriGet
                0x00000000        0x8 ..\obj\xcore.o
 .text.xCPUpspSet
                0x00000000        0x8 ..\obj\xcore.o
 .text.xCPUpspGet
                0x00000000        0x8 ..\obj\xcore.o
 .text.xCPUmspSet
                0x00000000        0x8 ..\obj\xcore.o
 .text.xCPUmspGet
                0x00000000        0x8 ..\obj\xcore.o
 .text.xIntMasterEnable
                0x00000000        0xc ..\obj\xcore.o
 .text.xIntMasterDisable
                0x00000000        0xc ..\obj\xcore.o
 .text.xIntPrioritySet
                0x00000000       0x74 ..\obj\xcore.o
 .text.xIntPriorityGet
                0x00000000       0x5c ..\obj\xcore.o
 .text.xIntEnable
                0x00000000       0x7c ..\obj\xcore.o
 .text.xIntDisable
                0x00000000       0x7c ..\obj\xcore.o
 .text.xIntPendSet
                0x00000000       0x70 ..\obj\xcore.o
 .text.xIntPendClear
                0x00000000       0x70 ..\obj\xcore.o
 .text.xIntPriorityMaskSet
                0x00000000        0x8 ..\obj\xcore.o
 .text.xIntPriorityMaskGet
                0x00000000        0x8 ..\obj\xcore.o
 .text.xSysTickEnable
                0x00000000       0x10 ..\obj\xcore.o
 .text.xSysTickDisable
                0x00000000       0x10 ..\obj\xcore.o
 .text.xSysTickIntEnable
                0x00000000       0x10 ..\obj\xcore.o
 .text.xSysTickIntDisable
                0x00000000       0x10 ..\obj\xcore.o
 .text.xSysTickPeriodSet
                0x00000000        0xc ..\obj\xcore.o
 .text.xSysTickPeriodGet
                0x00000000        0xc ..\obj\xcore.o
 .text.xSysTickValueGet
                0x00000000        0xc ..\obj\xcore.o
 .text.xSysTickPendSet
                0x00000000       0x14 ..\obj\xcore.o
 .text.xSysTickPendClr
                0x00000000       0x14 ..\obj\xcore.o
 .text.xPendSVPendSet
                0x00000000       0x14 ..\obj\xcore.o
 .text.xPendSVPendClr
                0x00000000       0x14 ..\obj\xcore.o
 .rodata        0x00000000       0x40 ..\obj\xcore.o
 .debug_info    0x00000000      0x511 ..\obj\xcore.o
 .debug_abbrev  0x00000000      0x184 ..\obj\xcore.o
 .debug_loc     0x00000000      0x382 ..\obj\xcore.o
 .debug_aranges
                0x00000000      0x118 ..\obj\xcore.o
 .debug_ranges  0x00000000      0x108 ..\obj\xcore.o
 .debug_line    0x00000000      0x3ee ..\obj\xcore.o
 .debug_str     0x00000000      0x337 ..\obj\xcore.o
 .comment       0x00000000       0x71 ..\obj\xcore.o
 .ARM.attributes
                0x00000000       0x32 ..\obj\xcore.o
 .debug_frame   0x00000000      0x268 ..\obj\xcore.o
 .text          0x00000000        0x0 ..\obj\main_app.o
 .data          0x00000000        0x0 ..\obj\main_app.o
 .bss           0x00000000        0x0 ..\obj\main_app.o
 .text          0x00000000        0x0 ..\obj\xgpio.o
 .data          0x00000000        0x0 ..\obj\xgpio.o
 .text.GPIOToPortGet
                0x00000000       0x60 ..\obj\xgpio.o
 .text.xGPIODirModeSet
                0x00000000       0x28 ..\obj\xgpio.o
 .text.xGPIODirModeGet
                0x00000000       0x24 ..\obj\xgpio.o
 .text.GPIODirModeSet
                0x00000000       0x18 ..\obj\xgpio.o
 .text.GPIODirModeGet
                0x00000000        0xc ..\obj\xgpio.o
 .text.GPIOPinIntEnable
                0x00000000       0x34 ..\obj\xgpio.o
 .text.GPIOPinIntDisable
                0x00000000       0x2c ..\obj\xgpio.o
 .text.GPIOPinIntCallbackInit
                0x00000000       0x2c ..\obj\xgpio.o
 .text.GPIOPinIntStatus
                0x00000000        0xc ..\obj\xgpio.o
 .text.GPIOPinIntClear
                0x00000000       0x14 ..\obj\xgpio.o
 .text.GPIODMAEdgeSet
                0x00000000       0x34 ..\obj\xgpio.o
 .text.GPIOPinRead
                0x00000000        0x8 ..\obj\xgpio.o
 .text.GPIOPinWrite
                0x00000000       0x18 ..\obj\xgpio.o
 .text.GPIOPinSet
                0x00000000        0x4 ..\obj\xgpio.o
 .text.GPIOPinReset
                0x00000000        0x4 ..\obj\xgpio.o
 .text.GPIOPinToggle
                0x00000000        0x4 ..\obj\xgpio.o
 .text.GPIOPinMaskSet
                0x00000000       0x48 ..\obj\xgpio.o
 .text.GPIOPortMaskGet
                0x00000000       0x18 ..\obj\xgpio.o
 .text.GPIOPinPortDoutGet
                0x00000000        0x4 ..\obj\xgpio.o
 .text.GPIOPadConfigSet
                0x00000000       0x30 ..\obj\xgpio.o
 .text.GPIOPullConfigure
                0x00000000       0x4c ..\obj\xgpio.o
 .text.GPIOPassiveConfigure
                0x00000000       0x30 ..\obj\xgpio.o
 .text.GPIOSlewRataConfigure
                0x00000000       0x30 ..\obj\xgpio.o
 .text.GPIOPinConfigure
                0x00000000       0x34 ..\obj\xgpio.o
 .text.GPIOPinToPort
                0x00000000        0x4 ..\obj\xgpio.o
 .text.GPIOPinToPin
                0x00000000        0x4 ..\obj\xgpio.o
 .rodata        0x00000000       0x14 ..\obj\xgpio.o
 .text          0x00000000        0x0 ..\obj\DAC.o
 .data          0x00000000        0x0 ..\obj\DAC.o
 .bss           0x00000000        0x0 ..\obj\DAC.o
 .text.DAC0_Init
                0x00000000       0x64 ..\obj\DAC.o
 .text.DAC0_SetData
                0x00000000       0x10 ..\obj\DAC.o
 .debug_info    0x00000000      0x43f ..\obj\DAC.o
 .debug_abbrev  0x00000000       0xf7 ..\obj\DAC.o
 .debug_loc     0x00000000       0x41 ..\obj\DAC.o
 .debug_aranges
                0x00000000       0x28 ..\obj\DAC.o
 .debug_ranges  0x00000000       0x18 ..\obj\DAC.o
 .debug_line    0x00000000      0x1ac ..\obj\DAC.o
 .debug_str     0x00000000      0x297 ..\obj\DAC.o
 .comment       0x00000000       0x71 ..\obj\DAC.o
 .ARM.attributes
                0x00000000       0x32 ..\obj\DAC.o
 .debug_frame   0x00000000       0x38 ..\obj\DAC.o
 .text          0x00000000        0x0 ..\obj\BRTOS.o
 .text.OSGetTickCount
                0x00000000       0x18 ..\obj\BRTOS.o
 .text.OSGetCount
                0x00000000        0xc ..\obj\BRTOS.o
 .text.DelayTaskHMSM
                0x00000000       0x70 ..\obj\BRTOS.o
 .text.PreInstallTasks
                0x00000000       0x4c ..\obj\BRTOS.o
 .text.BlockPriority
                0x00000000       0x6c ..\obj\BRTOS.o
 .text.UnBlockPriority
                0x00000000       0x4c ..\obj\BRTOS.o
 .text.BlockTask
                0x00000000       0x74 ..\obj\BRTOS.o
 .text.UnBlockTask
                0x00000000       0x5c ..\obj\BRTOS.o
 .text.BlockMultipleTask
                0x00000000       0x80 ..\obj\BRTOS.o
 .text.UnBlockMultipleTask
                0x00000000       0x9c ..\obj\BRTOS.o
 .text          0x00000000        0x0 ..\obj\main.o
 .data          0x00000000        0x0 ..\obj\main.o
 .bss           0x00000000        0x0 ..\obj\main.o
 .text          0x00000000        0x0 ..\obj\utils.o
 .data          0x00000000        0x0 ..\obj\utils.o
 .bss           0x00000000        0x0 ..\obj\utils.o
 .text.LWordSwap
                0x00000000       0x1c ..\obj\utils.o
 .text.PrintDecimal
                0x00000000       0x68 ..\obj\utils.o
 .text.Print4Digits
                0x00000000      0x144 ..\obj\utils.o
 .text.Print3Digits
                0x00000000       0xac ..\obj\utils.o
 .text.Print2Digits
                0x00000000       0x50 ..\obj\utils.o
 .debug_info    0x00000000      0x2eb ..\obj\utils.o
 .debug_abbrev  0x00000000       0xdb ..\obj\utils.o
 .debug_loc     0x00000000      0x9da ..\obj\utils.o
 .debug_aranges
                0x00000000       0x40 ..\obj\utils.o
 .debug_ranges  0x00000000       0x30 ..\obj\utils.o
 .debug_line    0x00000000      0x21a ..\obj\utils.o
 .debug_str     0x00000000      0x1a4 ..\obj\utils.o
 .comment       0x00000000       0x71 ..\obj\utils.o
 .ARM.attributes
                0x00000000       0x32 ..\obj\utils.o
 .debug_frame   0x00000000       0xac ..\obj\utils.o
 .text          0x00000000        0x0 ..\obj\FLASH.o
 .data          0x00000000        0x0 ..\obj\FLASH.o
 .bss           0x00000000        0x4 ..\obj\FLASH.o
 .text.InitFlash
                0x00000000       0x1c ..\obj\FLASH.o
 .text.WriteToFlash
                0x00000000       0x30 ..\obj\FLASH.o
 .text.ReadFromFlash
                0x00000000       0x30 ..\obj\FLASH.o
 .text.EraseFlash
                0x00000000       0x2c ..\obj\FLASH.o
 .debug_info    0x00000000      0x385 ..\obj\FLASH.o
 .debug_abbrev  0x00000000      0x11b ..\obj\FLASH.o
 .debug_loc     0x00000000      0x22f ..\obj\FLASH.o
 .debug_aranges
                0x00000000       0x38 ..\obj\FLASH.o
 .debug_ranges  0x00000000       0x28 ..\obj\FLASH.o
 .debug_line    0x00000000      0x19d ..\obj\FLASH.o
 .debug_str     0x00000000      0x2eb ..\obj\FLASH.o
 .comment       0x00000000       0x71 ..\obj\FLASH.o
 .ARM.attributes
                0x00000000       0x32 ..\obj\FLASH.o
 .debug_frame   0x00000000       0x7c ..\obj\FLASH.o
 .text          0x00000000        0x0 ..\obj\timers.o
 .data          0x00000000        0x0 ..\obj\timers.o
 .bss           0x00000000       0x94 ..\obj\timers.o
 .text.Subir    0x00000000       0x44 ..\obj\timers.o
 .text.Descer.constprop.0
                0x00000000       0x54 ..\obj\timers.o
 .text.BRTOS_TimerTask
                0x00000000      0x18c ..\obj\timers.o
 .text.OSTimerInit
                0x00000000       0x80 ..\obj\timers.o
 .text.OSTimerSet
                0x00000000      0x120 ..\obj\timers.o
 .text.OSTimerGet
                0x00000000       0x5c ..\obj\timers.o
 .text.OSTimerStart
                0x00000000       0xd8 ..\obj\timers.o
 .text.OSTimerStop
                0x00000000       0xc8 ..\obj\timers.o
 .rodata.str1.4
                0x00000000       0x14 ..\obj\timers.o
 .debug_info    0x00000000      0x97b ..\obj\timers.o
 .debug_abbrev  0x00000000      0x310 ..\obj\timers.o
 .debug_loc     0x00000000      0xa2d ..\obj\timers.o
 .debug_aranges
                0x00000000       0x58 ..\obj\timers.o
 .debug_ranges  0x00000000       0xc8 ..\obj\timers.o
 .debug_line    0x00000000      0x36c ..\obj\timers.o
 .debug_str     0x00000000      0x3f0 ..\obj\timers.o
 .comment       0x00000000       0x71 ..\obj\timers.o
 .ARM.attributes
                0x00000000       0x32 ..\obj\timers.o
 .debug_frame   0x00000000      0x138 ..\obj\timers.o
 .text          0x00000000        0x0 ..\obj\system.o
 .data          0x00000000        0x0 ..\obj\system.o
 .bss           0x00000000        0x0 ..\obj\system.o
 .text.Clock_init
                0x00000000       0xb8 ..\obj\system.o
 .text.ReEnable_LLWU
                0x00000000       0x20 ..\obj\system.o
 .text.Enable_LLS
                0x00000000       0x20 ..\obj\system.o
 .text.Enable_LLWU
                0x00000000       0x30 ..\obj\system.o
 .text.Enable_INT_Pin
                0x00000000       0x40 ..\obj\system.o
 .debug_info    0x00000000      0x6be ..\obj\system.o
 .debug_abbrev  0x00000000      0x157 ..\obj\system.o
 .debug_loc     0x00000000       0x80 ..\obj\system.o
 .debug_aranges
                0x00000000       0x40 ..\obj\system.o
 .debug_ranges  0x00000000       0x30 ..\obj\system.o
 .debug_line    0x00000000      0x229 ..\obj\system.o
 .debug_str     0x00000000      0x36a ..\obj\system.o
 .comment       0x00000000       0x71 ..\obj\system.o
 .ARM.attributes
                0x00000000       0x32 ..\obj\system.o
 .debug_frame   0x00000000       0x80 ..\obj\system.o
 .text          0x00000000        0x0 ..\obj\xwdt.o
 .data          0x00000000        0x0 ..\obj\xwdt.o
 .text.WDTimerDisable
                0x00000000       0x1c ..\obj\xwdt.o
 .text          0x00000000        0x0 ..\obj\printf.o
 .data          0x00000000      0x430 ..\obj\printf.o
 .bss           0x00000000        0x0 ..\obj\printf.o
 .text.PrintChar
                0x00000000        0x4 ..\obj\printf.o
 .text.PutChar  0x00000000        0x8 ..\obj\printf.o
 .text.PutString
                0x00000000       0x18 ..\obj\printf.o
 .text.PutUnsignedInt
                0x00000000       0x58 ..\obj\printf.o
 .text.PutSignedInt
                0x00000000       0x7c ..\obj\printf.o
 .text.PutHexa  0x00000000       0x58 ..\obj\printf.o
 .text.vsnprintf
                0x00000000      0x160 ..\obj\printf.o
 .rodata        0x00000000       0x84 ..\obj\printf.o
 .text.snprintf
                0x00000000       0x18 ..\obj\printf.o
 .text.vsprintf
                0x00000000       0x10 ..\obj\printf.o
 .text.vfprintf
                0x00000000       0x88 ..\obj\printf.o
 .text.vprintf  0x00000000       0x18 ..\obj\printf.o
 .text.fprintf  0x00000000       0x1c ..\obj\printf.o
 .text.printf   0x00000000       0x1c ..\obj\printf.o
 .text.sprintf  0x00000000       0x1c ..\obj\printf.o
 .text.puts     0x00000000       0x28 ..\obj\printf.o
 .text.fputc    0x00000000       0x20 ..\obj\printf.o
 .text.fputs    0x00000000       0x34 ..\obj\printf.o
 .rodata.str1.4
                0x00000000       0x24 ..\obj\printf.o
 .debug_info    0x00000000     0x13e1 ..\obj\printf.o
 .debug_abbrev  0x00000000      0x3cc ..\obj\printf.o
 .debug_loc     0x00000000     0x1037 ..\obj\printf.o
 .debug_aranges
                0x00000000       0xa0 ..\obj\printf.o
 .debug_ranges  0x00000000      0x130 ..\obj\printf.o
 .debug_line    0x00000000      0x4e7 ..\obj\printf.o
 .debug_str     0x00000000      0x67a ..\obj\printf.o
 .comment       0x00000000       0x71 ..\obj\printf.o
 .ARM.attributes
                0x00000000       0x32 ..\obj\printf.o
 .debug_frame   0x00000000      0x1ec ..\obj\printf.o
 .text          0x00000000        0x0 ..\obj\xsysctl.o
 .bss           0x00000000        0x4 ..\obj\xsysctl.o
 .text.SysCtlDelay
                0x00000000        0x8 ..\obj\xsysctl.o
 .text.xSysCtlPeripheralEnable2
                0x00000000       0x5c ..\obj\xsysctl.o
 .text.xSysCtlPeripheralDisable2
                0x00000000       0x5c ..\obj\xsysctl.o
 .text.xSysCtlPeripheraIntNumGet
                0x00000000       0x3c ..\obj\xsysctl.o
 .text.xSysCtlPeripheralClockSourceSet
                0x00000000      0x1ac ..\obj\xsysctl.o
 .text.SysCtlPeripheralEnable
                0x00000000       0x28 ..\obj\xsysctl.o
 .text.SysCtlPeripheralDisable
                0x00000000       0x28 ..\obj\xsysctl.o
 .text.SysCtlWakeupPinConfig
                0x00000000       0x40 ..\obj\xsysctl.o
 .text.SysCtlWakeupFilterConfig
                0x00000000       0x30 ..\obj\xsysctl.o
 .text.SysCtlWakeupPinFlagGet
                0x00000000       0x1c ..\obj\xsysctl.o
 .text.SysCtlWakeupPinFilterFlagGet
                0x00000000       0x10 ..\obj\xsysctl.o
 .text.SysCtlWakeupModuleFlagGet
                0x00000000       0x18 ..\obj\xsysctl.o
 .text.SysCtlWakeupModuleEnable
                0x00000000       0x2c ..\obj\xsysctl.o
 .text.SysCtlSleep
                0x00000000       0x18 ..\obj\xsysctl.o
 .text.SysCtlDeepSleep
                0x00000000       0x18 ..\obj\xsysctl.o
 .text.SysCtlPeripheralClockSourceSet
                0x00000000      0x214 ..\obj\xsysctl.o
 .text.SysCtlHClockSourceSet
                0x00000000       0x18 ..\obj\xsysctl.o
 .text.SysCtlResetSrcGet
                0x00000000       0x38 ..\obj\xsysctl.o
 .text.SysCtlPowerModeGet
                0x00000000       0x10 ..\obj\xsysctl.o
 .text.SysCtlResetPinFilterStopModeEnable
                0x00000000       0x20 ..\obj\xsysctl.o
 .text.SysCtlResetPinFilterBusClkWidthSet
                0x00000000       0x18 ..\obj\xsysctl.o
 .text.SysCtlResetPinFilterRunModeSelect
                0x00000000       0x18 ..\obj\xsysctl.o
 .text.SysCtlLVDVolSet
                0x00000000       0x18 ..\obj\xsysctl.o
 .text.SysCtlLVDWarningVolSet
                0x00000000       0x18 ..\obj\xsysctl.o
 .text.SysCtlLVDEventFlagGet
                0x00000000        0xc ..\obj\xsysctl.o
 .text.SysCtlLVDEventFlagClear
                0x00000000       0x10 ..\obj\xsysctl.o
 .text.SysCtlLVDWaringFlagGet
                0x00000000        0xc ..\obj\xsysctl.o
 .text.SysCtlLVDWarningFlagClear
                0x00000000       0x10 ..\obj\xsysctl.o
 .text.SysCtlVeryLowPowerRunModeEnable
                0x00000000       0x40 ..\obj\xsysctl.o
 .text.SysCtlLVDIntEnable
                0x00000000       0x20 ..\obj\xsysctl.o
 .text.SysCtlLVDWarningIntEnable
                0x00000000       0x20 ..\obj\xsysctl.o
 .text.SysCtlLVDResetEnable
                0x00000000       0x20 ..\obj\xsysctl.o
 .text.SysCtlStopModeSet
                0x00000000      0x120 ..\obj\xsysctl.o
 .text.OSIncTickLess
                0x00000000        0xc ..\obj\xsysctl.o
 .text.BRTOSStopModeSet
                0x00000000      0x118 ..\obj\xsysctl.o
 .text.BRTOSStopModeSet2
                0x00000000        0x4 ..\obj\xsysctl.o
 .text.SysCtlHClockGet
                0x00000000       0xc8 ..\obj\xsysctl.o
 .text.SysCtlHClockSet
                0x00000000      0x464 ..\obj\xsysctl.o
 .text.SysCtlClkOututSrcSet
                0x00000000       0x18 ..\obj\xsysctl.o
 .text.SysCtlBusClkSet
                0x00000000       0x48 ..\obj\xsysctl.o
 .text.SysCtlBusClkGet
                0x00000000       0x1c ..\obj\xsysctl.o
 .text.SysCtlBandgapEnable
                0x00000000       0x20 ..\obj\xsysctl.o
 .text.SysCtlBandgapBufferEnable
                0x00000000       0x20 ..\obj\xsysctl.o
 .text.SysCtlRegulatorStatusGet
                0x00000000       0x10 ..\obj\xsysctl.o
 .text.SysCtlPWMAndUART0ClkGet
                0x00000000       0x6c ..\obj\xsysctl.o
 .rodata        0x00000000       0xe8 ..\obj\xsysctl.o
 .text          0x00000000        0x0 ..\obj\mbox.o
 .data          0x00000000        0x0 ..\obj\mbox.o
 .bss           0x00000000        0x0 ..\obj\mbox.o
 .text.OSMboxCreate
                0x00000000       0x80 ..\obj\mbox.o
 .text.OSMboxDelete
                0x00000000       0x30 ..\obj\mbox.o
 .text.OSMboxPend
                0x00000000      0x164 ..\obj\mbox.o
 .text.OSMboxPost
                0x00000000       0x6c ..\obj\mbox.o
 .debug_info    0x00000000      0x4c2 ..\obj\mbox.o
 .debug_abbrev  0x00000000      0x1b9 ..\obj\mbox.o
 .debug_loc     0x00000000      0x4ce ..\obj\mbox.o
 .debug_aranges
                0x00000000       0x38 ..\obj\mbox.o
 .debug_ranges  0x00000000       0x28 ..\obj\mbox.o
 .debug_line    0x00000000      0x234 ..\obj\mbox.o
 .debug_str     0x00000000      0x2c4 ..\obj\mbox.o
 .comment       0x00000000       0x71 ..\obj\mbox.o
 .ARM.attributes
                0x00000000       0x32 ..\obj\mbox.o
 .debug_frame   0x00000000       0x8c ..\obj\mbox.o
 .text          0x00000000        0x0 ..\obj\HAL.o
 .data          0x00000000        0x0 ..\obj\HAL.o
 .bss           0x00000000        0x0 ..\obj\HAL.o
 .text.OSRTCSetup
                0x00000000        0x4 ..\obj\HAL.o
 .text.CriticalDecNesting
                0x00000000       0x10 ..\obj\HAL.o
 .text.BRTOS_WakeUP
                0x00000000       0x34 ..\obj\HAL.o
 .text          0x00000000        0x0 ..\obj\tasks.o
 .data          0x00000000        0x0 ..\obj\tasks.o
 .bss           0x00000000        0x0 ..\obj\tasks.o
 .text          0x00000000        0x0 ..\obj\syscalls.o
 .data          0x00000000        0x0 ..\obj\syscalls.o
 .bss           0x00000000        0x4 ..\obj\syscalls.o
 .text._sbrk    0x00000000       0x20 ..\obj\syscalls.o
 .text.link     0x00000000        0x8 ..\obj\syscalls.o
 .text._close   0x00000000        0x8 ..\obj\syscalls.o
 .text._fstat   0x00000000        0xc ..\obj\syscalls.o
 .text._isatty  0x00000000        0x4 ..\obj\syscalls.o
 .text._lseek   0x00000000        0x4 ..\obj\syscalls.o
 .text._read    0x00000000        0x4 ..\obj\syscalls.o
 .text._write   0x00000000        0x4 ..\obj\syscalls.o
 .text.abort    0x00000000        0x4 ..\obj\syscalls.o
 .debug_info    0x00000000      0x43d ..\obj\syscalls.o
 .debug_abbrev  0x00000000      0x11e ..\obj\syscalls.o
 .debug_loc     0x00000000      0x166 ..\obj\syscalls.o
 .debug_aranges
                0x00000000       0x60 ..\obj\syscalls.o
 .debug_ranges  0x00000000       0x50 ..\obj\syscalls.o
 .debug_line    0x00000000      0x1c1 ..\obj\syscalls.o
 .debug_str     0x00000000      0x2f2 ..\obj\syscalls.o
 .comment       0x00000000       0x71 ..\obj\syscalls.o
 .ARM.attributes
                0x00000000       0x32 ..\obj\syscalls.o
 .debug_frame   0x00000000       0xb0 ..\obj\syscalls.o
 .text          0x00000000        0x0 ..\obj\LPO.o
 .data          0x00000000        0x0 ..\obj\LPO.o
 .bss           0x00000000        0x0 ..\obj\LPO.o
 .text.LPO_Init
                0x00000000       0x64 ..\obj\LPO.o
 .text.Reconfigure_LPTM
                0x00000000       0x10 ..\obj\LPO.o
 .text.GetTime_LPTM
                0x00000000       0x10 ..\obj\LPO.o
 .text.Clear_LPTM
                0x00000000       0x10 ..\obj\LPO.o
 .text.LPTMDisable
                0x00000000        0xc ..\obj\LPO.o
 .text.LPTMEnable
                0x00000000        0xc ..\obj\LPO.o
 .debug_info    0x00000000      0x49c ..\obj\LPO.o
 .debug_abbrev  0x00000000      0x136 ..\obj\LPO.o
 .debug_loc     0x00000000       0x62 ..\obj\LPO.o
 .debug_aranges
                0x00000000       0x48 ..\obj\LPO.o
 .debug_ranges  0x00000000       0x38 ..\obj\LPO.o
 .debug_line    0x00000000      0x1e7 ..\obj\LPO.o
 .debug_str     0x00000000      0x2c8 ..\obj\LPO.o
 .comment       0x00000000       0x71 ..\obj\LPO.o
 .ARM.attributes
                0x00000000       0x32 ..\obj\LPO.o
 .debug_frame   0x00000000       0x7c ..\obj\LPO.o
 .text          0x00000000        0x0 ..\obj\semaphore.o
 .data          0x00000000        0x0 ..\obj\semaphore.o
 .bss           0x00000000        0x0 ..\obj\semaphore.o
 .text.OSSemCreate
                0x00000000       0x78 ..\obj\semaphore.o
 .text.OSSemDelete
                0x00000000       0x2c ..\obj\semaphore.o
 .text.OSSemPend
                0x00000000      0x150 ..\obj\semaphore.o
 .text.OSSemPost
                0x00000000       0x70 ..\obj\semaphore.o
 .debug_info    0x00000000      0x4ac ..\obj\semaphore.o
 .debug_abbrev  0x00000000      0x1c1 ..\obj\semaphore.o
 .debug_loc     0x00000000      0x448 ..\obj\semaphore.o
 .debug_aranges
                0x00000000       0x38 ..\obj\semaphore.o
 .debug_ranges  0x00000000       0x28 ..\obj\semaphore.o
 .debug_line    0x00000000      0x236 ..\obj\semaphore.o
 .debug_str     0x00000000      0x2a0 ..\obj\semaphore.o
 .comment       0x00000000       0x71 ..\obj\semaphore.o
 .ARM.attributes
                0x00000000       0x32 ..\obj\semaphore.o
 .debug_frame   0x00000000       0x90 ..\obj\semaphore.o
 .text          0x00000000        0x0 ..\obj\queue.o
 .data          0x00000000        0x0 ..\obj\queue.o
 .bss           0x00000000        0x0 ..\obj\queue.o
 .text.OSQueueCreate
                0x00000000       0xf4 ..\obj\queue.o
 .text.OSWQueue
                0x00000000       0x3c ..\obj\queue.o
 .text.OSRQueue
                0x00000000       0x40 ..\obj\queue.o
 .text.OSCleanQueue
                0x00000000       0x1c ..\obj\queue.o
 .text.OSQueuePend
                0x00000000      0x198 ..\obj\queue.o
 .text.OSQueuePost
                0x00000000       0x8c ..\obj\queue.o
 .debug_info    0x00000000      0x685 ..\obj\queue.o
 .debug_abbrev  0x00000000      0x1ae ..\obj\queue.o
 .debug_loc     0x00000000      0x6ee ..\obj\queue.o
 .debug_aranges
                0x00000000       0x48 ..\obj\queue.o
 .debug_ranges  0x00000000       0x38 ..\obj\queue.o
 .debug_line    0x00000000      0x2ab ..\obj\queue.o
 .debug_str     0x00000000      0x339 ..\obj\queue.o
 .comment       0x00000000       0x71 ..\obj\queue.o
 .ARM.attributes
                0x00000000       0x32 ..\obj\queue.o
 .debug_frame   0x00000000       0xd8 ..\obj\queue.o
 .text          0x00000000        0x0 ..\obj\mutex.o
 .data          0x00000000        0x0 ..\obj\mutex.o
 .bss           0x00000000        0x0 ..\obj\mutex.o
 .text.OSMutexCreate
                0x00000000       0xa8 ..\obj\mutex.o
 .text.OSMutexDelete
                0x00000000       0x30 ..\obj\mutex.o
 .text.OSMutexAcquire
                0x00000000      0x118 ..\obj\mutex.o
 .text.OSMutexRelease
                0x00000000       0xd4 ..\obj\mutex.o
 .debug_info    0x00000000      0x480 ..\obj\mutex.o
 .debug_abbrev  0x00000000      0x1aa ..\obj\mutex.o
 .debug_loc     0x00000000      0x3e1 ..\obj\mutex.o
 .debug_aranges
                0x00000000       0x38 ..\obj\mutex.o
 .debug_ranges  0x00000000       0x28 ..\obj\mutex.o
 .debug_line    0x00000000      0x21e ..\obj\mutex.o
 .debug_str     0x00000000      0x2ce ..\obj\mutex.o
 .comment       0x00000000       0x71 ..\obj\mutex.o
 .ARM.attributes
                0x00000000       0x32 ..\obj\mutex.o
 .debug_frame   0x00000000       0x94 ..\obj\mutex.o
 .text          0x00000000        0x0 ..\obj\OS_RTC.o
 .data          0x00000000        0x0 ..\obj\OS_RTC.o
 .text.CalendarInputSet
                0x00000000        0xc ..\obj\OS_RTC.o
 .text.OSUpdateTime
                0x00000000       0x48 ..\obj\OS_RTC.o
 .text.OSUpdateDate
                0x00000000       0x4c ..\obj\OS_RTC.o
 .text.OSResetDate
                0x00000000       0x1c ..\obj\OS_RTC.o
 .text.OSUptime
                0x00000000       0x24 ..\obj\OS_RTC.o
 .text.OSUpDate
                0x00000000       0x18 ..\obj\OS_RTC.o
 .text.OSUpdateCalendar
                0x00000000       0xbc ..\obj\OS_RTC.o
 .text.GetCalendar
                0x00000000       0x24 ..\obj\OS_RTC.o
 .text.SetCalendar
                0x00000000       0x24 ..\obj\OS_RTC.o
 .text.GetCalendarTime
                0x00000000       0x20 ..\obj\OS_RTC.o
 .text.GetCalendarDate
                0x00000000       0x20 ..\obj\OS_RTC.o
 .text.GetDateTime
                0x00000000       0x2c ..\obj\OS_RTC.o
 .text.Init_Calendar
                0x00000000       0x10 ..\obj\OS_RTC.o
 .text.Resync_calendar
                0x00000000       0x10 ..\obj\OS_RTC.o
 .text.CompareDateTime
                0x00000000       0x44 ..\obj\OS_RTC.o
 .rodata        0x00000000       0x10 ..\obj\OS_RTC.o
 .text          0x00000000        0x0 ..\obj\accel.o
 .data          0x00000000        0x0 ..\obj\accel.o
 .bss           0x00000000        0x0 ..\obj\accel.o
 .text.i2c_set_tx
                0x00000000        0xc ..\obj\accel.o
 .text.i2c_set_rx
                0x00000000        0xc ..\obj\accel.o
 .text.i2c_set_slave
                0x00000000        0xc ..\obj\accel.o
 .text.i2c_set_master
                0x00000000        0xc ..\obj\accel.o
 .text.i2c_give_nack
                0x00000000        0xc ..\obj\accel.o
 .text.i2c_give_ack
                0x00000000        0xc ..\obj\accel.o
 .text.i2c_repeated_start
                0x00000000        0xc ..\obj\accel.o
 .text.i2c_read
                0x00000000        0x4 ..\obj\accel.o
 .text.i2c_start
                0x00000000       0x14 ..\obj\accel.o
 .text.i2c_stop
                0x00000000       0x14 ..\obj\accel.o
 .text.i2c_wait
                0x00000000       0x18 ..\obj\accel.o
 .text.i2c_write
                0x00000000       0x24 ..\obj\accel.o
 .text.i2c_init
                0x00000000       0x40 ..\obj\accel.o
 .text.mma8451_read
                0x00000000       0xb4 ..\obj\accel.o
 .text.mma8451_write
                0x00000000       0x84 ..\obj\accel.o
 .text.accel_init
                0x00000000       0x58 ..\obj\accel.o
 .text._read_reg14
                0x00000000       0x20 ..\obj\accel.o
 .text.accel_x  0x00000000        0xc ..\obj\accel.o
 .text.accel_y  0x00000000        0xc ..\obj\accel.o
 .text.accel_z  0x00000000        0xc ..\obj\accel.o
 .debug_info    0x00000000      0xcbe ..\obj\accel.o
 .debug_abbrev  0x00000000      0x246 ..\obj\accel.o
 .debug_loc     0x00000000      0x273 ..\obj\accel.o
 .debug_aranges
                0x00000000       0xb8 ..\obj\accel.o
 .debug_ranges  0x00000000      0x1b0 ..\obj\accel.o
 .debug_line    0x00000000      0x3c1 ..\obj\accel.o
 .debug_str     0x00000000      0x392 ..\obj\accel.o
 .comment       0x00000000       0x71 ..\obj\accel.o
 .ARM.attributes
                0x00000000       0x32 ..\obj\accel.o
 .debug_frame   0x00000000      0x1ac ..\obj\accel.o
 .text          0x00000000        0x0 ..\obj\UART.o
 .data          0x00000000        0x0 ..\obj\UART.o
 .bss           0x00000000        0x0 ..\obj\UART.o
 .text.USART2IntHandler
                0x00000000       0x60 ..\obj\UART.o
 .text.USART1IntHandler
                0x00000000       0x60 ..\obj\UART.o
 .text.USART0IntHandler
                0x00000000       0x60 ..\obj\UART.o
 .text.UARTPutString
                0x00000000       0x9c ..\obj\UART.o
 .text.UARTPutChar
                0x00000000       0x64 ..\obj\UART.o
 .text.UARTGetChar
                0x00000000       0x58 ..\obj\UART.o
 .text.Init_UART0
                0x00000000       0x98 ..\obj\UART.o
 .text.Init_UART1
                0x00000000       0xa0 ..\obj\UART.o
 .text.Init_UART2
                0x00000000       0xa0 ..\obj\UART.o
 .text.UART2_57600
                0x00000000       0x2c ..\obj\UART.o
 .debug_info    0x00000000      0xceb ..\obj\UART.o
 .debug_abbrev  0x00000000      0x1b2 ..\obj\UART.o
 .debug_loc     0x00000000      0x796 ..\obj\UART.o
 .debug_aranges
                0x00000000       0x68 ..\obj\UART.o
 .debug_ranges  0x00000000       0x58 ..\obj\UART.o
 .debug_line    0x00000000      0x2cc ..\obj\UART.o
 .debug_str     0x00000000      0x437 ..\obj\UART.o
 .comment       0x00000000       0x71 ..\obj\UART.o
 .ARM.attributes
                0x00000000       0x32 ..\obj\UART.o
 .debug_frame   0x00000000      0x110 ..\obj\UART.o
 COMMON         0x00000000       0x54 ..\obj\UART.o
 .text          0x00000000        0x0 ..\obj\FLASH1.o
 .data          0x00000000        0x0 ..\obj\FLASH1.o
 .bss           0x00000000       0x3c ..\obj\FLASH1.o
 .text.FLASH1_Init
                0x00000000       0x44 ..\obj\FLASH1.o
 .text.FLASH1_Write
                0x00000000       0x40 ..\obj\FLASH1.o
 .text.FLASH1_Read
                0x00000000       0x3c ..\obj\FLASH1.o
 .text.FLASH1_Erase
                0x00000000       0x4c ..\obj\FLASH1.o
 .text.FLASH1_OnOperationComplete
                0x00000000        0x4 ..\obj\FLASH1.o
 .text.FLASH1_Main
                0x00000000      0x1f4 ..\obj\FLASH1.o
 .text.FLASH1_GetOperationStatus
                0x00000000        0x4 ..\obj\FLASH1.o
 .rodata        0x00000000       0x18 ..\obj\FLASH1.o
 .debug_info    0x00000000      0xac7 ..\obj\FLASH1.o
 .debug_abbrev  0x00000000      0x2be ..\obj\FLASH1.o
 .debug_loc     0x00000000      0x52d ..\obj\FLASH1.o
 .debug_aranges
                0x00000000       0x50 ..\obj\FLASH1.o
 .debug_ranges  0x00000000       0x40 ..\obj\FLASH1.o
 .debug_line    0x00000000      0x3dd ..\obj\FLASH1.o
 .debug_str     0x00000000      0x85b ..\obj\FLASH1.o
 .comment       0x00000000       0x71 ..\obj\FLASH1.o
 .ARM.attributes
                0x00000000       0x32 ..\obj\FLASH1.o
 .debug_frame   0x00000000       0xd0 ..\obj\FLASH1.o
 .text          0x00000000        0x0 ..\obj\cpu.o
 .data          0x00000000        0x0 ..\obj\cpu.o
 .bss           0x00000000        0x0 ..\obj\cpu.o
 .text.enable_irq
                0x00000000       0x30 ..\obj\cpu.o
 .debug_info    0x00000000      0x193 ..\obj\cpu.o
 .debug_abbrev  0x00000000       0xc3 ..\obj\cpu.o
 .debug_loc     0x00000000       0x41 ..\obj\cpu.o
 .debug_aranges
                0x00000000       0x20 ..\obj\cpu.o
 .debug_ranges  0x00000000       0x10 ..\obj\cpu.o
 .debug_line    0x00000000      0x17c ..\obj\cpu.o
 .debug_str     0x00000000      0x1ac ..\obj\cpu.o
 .comment       0x00000000       0x71 ..\obj\cpu.o
 .ARM.attributes
                0x00000000       0x32 ..\obj\cpu.o
 .debug_frame   0x00000000       0x2c ..\obj\cpu.o
 .text          0x00000000        0x0 ..\obj\xuart.o
 .data          0x00000000        0x0 ..\obj\xuart.o
 .text.UARTConfigSet
                0x00000000      0x1c4 ..\obj\xuart.o
 .text.UARTEnable
                0x00000000        0xc ..\obj\xuart.o
 .text.UARTDisable
                0x00000000        0x8 ..\obj\xuart.o
 .text.UARTCharsAvail
                0x00000000        0x8 ..\obj\xuart.o
 .text.UARTSpaceAvail
                0x00000000        0x8 ..\obj\xuart.o
 .text.UARTCharGetNonBlocking
                0x00000000        0x8 ..\obj\xuart.o
 .text.UARTCharGet
                0x00000000       0x24 ..\obj\xuart.o
 .text.UARTCharPutNonBlocking
                0x00000000        0x8 ..\obj\xuart.o
 .text.UARTCharPut
                0x00000000       0x24 ..\obj\xuart.o
 .text.UARTBusy
                0x00000000        0xc ..\obj\xuart.o
 .text.UARTIntEnable
                0x00000000       0x30 ..\obj\xuart.o
 .text.UARTIntDisable
                0x00000000       0x30 ..\obj\xuart.o
 .text.UARTIntCallbackInit
                0x00000000       0x38 ..\obj\xuart.o
 .text.UARTRxErrorGet
                0x00000000        0x8 ..\obj\xuart.o
 .text.UARTRxErrorClear
                0x00000000       0x38 ..\obj\xuart.o
 .text.UARTLINConfig
                0x00000000       0xbc ..\obj\xuart.o
 .text.UARTLINEnable
                0x00000000        0xc ..\obj\xuart.o
 .text.UARTLINDisable
                0x00000000        0xc ..\obj\xuart.o
 .text.UARTLINSyncBreakPut
                0x00000000       0x20 ..\obj\xuart.o
 .text.UARTDMAEnable
                0x00000000       0x3c ..\obj\xuart.o
 .text.UARTDMADisable
                0x00000000       0x38 ..\obj\xuart.o
 .text.UARTTxInvertEnable
                0x00000000       0x14 ..\obj\xuart.o
 .text.UARTTxInvertDisable
                0x00000000       0x10 ..\obj\xuart.o
 .text.UARTRxInvertEnable
                0x00000000       0x14 ..\obj\xuart.o
 .text.UARTRxInvertDisable
                0x00000000       0x10 ..\obj\xuart.o
 .text.UARTOutModeConfig
                0x00000000       0x14 ..\obj\xuart.o
 .text.UARTWaitModeRun
                0x00000000        0x8 ..\obj\xuart.o
 .text.UARTWaitModeStop
                0x00000000        0xc ..\obj\xuart.o
 .text.UARTWakeupMethodConfig
                0x00000000       0x14 ..\obj\xuart.o
 .text.UARTMsbFirst
                0x00000000       0x18 ..\obj\xuart.o
 .text.UARTLsbFirst
                0x00000000       0x14 ..\obj\xuart.o
 .text.UARTReceiverStatus
                0x00000000        0x8 ..\obj\xuart.o
 .text.UARTMatchAddressSet
                0x00000000       0x24 ..\obj\xuart.o
 .text.UARTMatchAddrModeEnable
                0x00000000       0x28 ..\obj\xuart.o
 .text.UARTMatchAddrModeDisable
                0x00000000       0x28 ..\obj\xuart.o
 .text.UARTBothEdgeSampleEnable
                0x00000000       0x10 ..\obj\xuart.o
 .text.UARTBothEdgeSampleDisable
                0x00000000       0x10 ..\obj\xuart.o
 .text.UARTReSyncEnable
                0x00000000       0x10 ..\obj\xuart.o
 .text.UARTReSyncDisable
                0x00000000       0x10 ..\obj\xuart.o
 .text.UARTGetBit9
                0x00000000        0x8 ..\obj\xuart.o
 .text.UARTGetBit10
                0x00000000       0x10 ..\obj\xuart.o
 .text.UARTSetBit9
                0x00000000       0x1c ..\obj\xuart.o
 .text.UARTSetBit10
                0x00000000       0x20 ..\obj\xuart.o
 .text.UARTIdleLineTypeConfig
                0x00000000       0x14 ..\obj\xuart.o
 .text.UARTIdleFlagGet
                0x00000000        0x8 ..\obj\xuart.o
 .text.UARTIdleFlagClear
                0x00000000       0x40 ..\obj\xuart.o
 .text.UARTIdleSend
                0x00000000       0x20 ..\obj\xuart.o
 .text          0x00000000        0x0 ..\obj\OSInfo.o
 .data          0x00000000        0x0 ..\obj\OSInfo.o
 .bss           0x00000000        0x0 ..\obj\OSInfo.o
 .text.PrintDecimal
                0x00000000       0x68 ..\obj\OSInfo.o
 .text.mem_cpy  0x00000000       0x18 ..\obj\OSInfo.o
 .text.OSTaskList
                0x00000000      0x388 ..\obj\OSInfo.o
 .text.OSAvailableMemory
                0x00000000      0x124 ..\obj\OSInfo.o
 .text.OSUptimeInfo
                0x00000000      0x124 ..\obj\OSInfo.o
 .rodata.str1.4
                0x00000000      0x128 ..\obj\OSInfo.o
 .debug_info    0x00000000      0xe2b ..\obj\OSInfo.o
 .debug_abbrev  0x00000000      0x22a ..\obj\OSInfo.o
 .debug_loc     0x00000000     0x1168 ..\obj\OSInfo.o
 .debug_aranges
                0x00000000       0x40 ..\obj\OSInfo.o
 .debug_ranges  0x00000000      0x120 ..\obj\OSInfo.o
 .debug_line    0x00000000      0x42e ..\obj\OSInfo.o
 .debug_str     0x00000000      0x29a ..\obj\OSInfo.o
 .comment       0x00000000       0x71 ..\obj\OSInfo.o
 .ARM.attributes
                0x00000000       0x32 ..\obj\OSInfo.o
 .debug_frame   0x00000000       0xb4 ..\obj\OSInfo.o
 .data          0x00000000        0x0 c:/program files (x86)/gnu tools arm embedded/4.7 2013q1/bin/../lib/gcc/arm-none-eabi/4.7.3/armv6-m\libgcc.a(_udivsi3.o)
 .bss           0x00000000        0x0 c:/program files (x86)/gnu tools arm embedded/4.7 2013q1/bin/../lib/gcc/arm-none-eabi/4.7.3/armv6-m\libgcc.a(_udivsi3.o)
 .text          0x00000000       0xc0 c:/program files (x86)/gnu tools arm embedded/4.7 2013q1/bin/../lib/gcc/arm-none-eabi/4.7.3/armv6-m\libgcc.a(_divsi3.o)
 .data          0x00000000        0x0 c:/program files (x86)/gnu tools arm embedded/4.7 2013q1/bin/../lib/gcc/arm-none-eabi/4.7.3/armv6-m\libgcc.a(_divsi3.o)
 .bss           0x00000000        0x0 c:/program files (x86)/gnu tools arm embedded/4.7 2013q1/bin/../lib/gcc/arm-none-eabi/4.7.3/armv6-m\libgcc.a(_divsi3.o)
 .debug_frame   0x00000000       0x20 c:/program files (x86)/gnu tools arm embedded/4.7 2013q1/bin/../lib/gcc/arm-none-eabi/4.7.3/armv6-m\libgcc.a(_divsi3.o)
 .ARM.attributes
                0x00000000       0x1e c:/program files (x86)/gnu tools arm embedded/4.7 2013q1/bin/../lib/gcc/arm-none-eabi/4.7.3/armv6-m\libgcc.a(_divsi3.o)
 .data          0x00000000        0x0 c:/program files (x86)/gnu tools arm embedded/4.7 2013q1/bin/../lib/gcc/arm-none-eabi/4.7.3/armv6-m\libgcc.a(_dvmd_tls.o)
 .bss           0x00000000        0x0 c:/program files (x86)/gnu tools arm embedded/4.7 2013q1/bin/../lib/gcc/arm-none-eabi/4.7.3/armv6-m\libgcc.a(_dvmd_tls.o)
 .text          0x00000000        0x0 c:/program files (x86)/gnu tools arm embedded/4.7 2013q1/bin/../lib/gcc/arm-none-eabi/4.7.3/../../../../arm-none-eabi/lib/armv6-m\libg.a(lib_a-memcpy.o)
 .data          0x00000000        0x0 c:/program files (x86)/gnu tools arm embedded/4.7 2013q1/bin/../lib/gcc/arm-none-eabi/4.7.3/../../../../arm-none-eabi/lib/armv6-m\libg.a(lib_a-memcpy.o)
 .bss           0x00000000        0x0 c:/program files (x86)/gnu tools arm embedded/4.7 2013q1/bin/../lib/gcc/arm-none-eabi/4.7.3/../../../../arm-none-eabi/lib/armv6-m\libg.a(lib_a-memcpy.o)
 .text.memcpy   0x00000000      0x144 c:/program files (x86)/gnu tools arm embedded/4.7 2013q1/bin/../lib/gcc/arm-none-eabi/4.7.3/../../../../arm-none-eabi/lib/armv6-m\libg.a(lib_a-memcpy.o)
 .ARM.attributes
                0x00000000       0x2c c:/program files (x86)/gnu tools arm embedded/4.7 2013q1/bin/../lib/gcc/arm-none-eabi/4.7.3/../../../../arm-none-eabi/lib/armv6-m\libg.a(lib_a-memcpy.o)
 .debug_frame   0x00000000       0x34 c:/program files (x86)/gnu tools arm embedded/4.7 2013q1/bin/../lib/gcc/arm-none-eabi/4.7.3/../../../../arm-none-eabi/lib/armv6-m\libg.a(lib_a-memcpy.o)

Memory Configuration

Name             Origin             Length             Attributes
rom              0x00000000         0x00020000         xr
ram              0x1ffff000         0x00002c00         xrw
*default*        0x00000000         0xffffffff

Linker script and memory map

                0x20001c00                _eram = 0x20001c00

.text           0x00000000     0x1274
 *(.isr_vector)
 .isr_vector    0x00000000      0x410 ..\obj\startup_coide.o
                0x00000000                g_pfnVectors
 *(.text*)
 .text.DefaultIntHandler
                0x00000410        0x8 ..\obj\startup_coide.o
                0x00000410                SysTickIntHandler
                0x00000410                BusFaultIntHandler
                0x00000410                NMIIntHandler
                0x00000410                UsageFaultIntHandler
                0x00000410                MemManageIntHandler
                0x00000410                SVCIntHandler
                0x00000410                DebugMonIntHandler
                0x00000410                PendSVIntHandler
 .text.DefaultIntHandler2
                0x00000418        0x8 ..\obj\startup_coide.o
                0x00000418                HardFaultIntHandler
 .text.Default_ResetHandler
                0x00000420       0x58 ..\obj\startup_coide.o
                0x00000420                RTCSIntHandler
                0x00000420                FTM1IntHandler
                0x00000420                USBOTGIntHandler
                0x00000420                FTM2IntHandler
                0x00000420                I2C1IntHandler
                0x00000420                Default_ResetHandler
                0x00000420                DMA1IntHandler
                0x00000420                DACIntHandler
                0x00000420                ACMPIntHandler
                0x00000420                ResetHandler
                0x00000420                LVDIntHandler
                0x00000420                SPI1IntHandler
                0x00000420                FTFAIntHandler
                0x00000420                ADCIntHandler
                0x00000420                DMA0IntHandler
                0x00000420                I2C0IntHandler
                0x00000420                FTM0IntHandler
                0x00000420                LLWUIntHandler
                0x00000420                MCGIntHandler
                0x00000420                RTCAIntHandler
                0x00000420                SPI0IntHandler
                0x00000420                TSIIntHandler
                0x00000420                LPTMRIntHandler
                0x00000420                PITIntHandler
                0x00000420                DMA3IntHandler
                0x00000420                DMA2IntHandler
 .text.main_app
                0x00000478       0x54 ..\obj\main_app.o
                0x00000478                main_app
 .text.PORTAIntHandler
                0x000004cc       0x60 ..\obj\xgpio.o
                0x000004cc                PORTAIntHandler
 .text.PORTDIntHandler
                0x0000052c       0x60 ..\obj\xgpio.o
                0x0000052c                PORTDIntHandler
 .text.Idle     0x0000058c        0x8 ..\obj\BRTOS.o
                0x0000058c                Idle
 .text.OSIncCounter
                0x00000594       0x1c ..\obj\BRTOS.o
                0x00000594                OSIncCounter
 .text.DelayTask
                0x000005b0       0xa8 ..\obj\BRTOS.o
                0x000005b0                DelayTask
 .text.OS_TICK_HANDLER
                0x00000658       0xb8 ..\obj\BRTOS.o
                0x00000658                OS_TICK_HANDLER
 .text.InstallTask
                0x00000710      0x17c ..\obj\BRTOS.o
                0x00000710                InstallTask
 .text.InstallIdle
                0x0000088c       0xd0 ..\obj\BRTOS.o
                0x0000088c                InstallIdle
 .text.initEvents
                0x0000095c       0x40 ..\obj\BRTOS.o
                0x0000095c                initEvents
 .text.BRTOS_Init
                0x0000099c       0x54 ..\obj\BRTOS.o
                0x0000099c                BRTOS_Init
 .text.SAScheduler
                0x000009f0      0x184 ..\obj\BRTOS.o
                0x000009f0                SAScheduler
 .text.OSSchedule
                0x00000b74       0x24 ..\obj\BRTOS.o
                0x00000b74                OSSchedule
 .text.BRTOSStart
                0x00000b98       0x48 ..\obj\BRTOS.o
                0x00000b98                BRTOSStart
 .text.startup.main
                0x00000be0       0x18 ..\obj\main.o
                0x00000be0                main
 .text.WDTimerInit
                0x00000bf8        0xc ..\obj\xwdt.o
                0x00000bf8                WDTimerInit
 .text.WDTimerEnable
                0x00000c04       0x14 ..\obj\xwdt.o
                0x00000c04                WDTimerEnable
 .text.WDTimerRestart
                0x00000c18       0x10 ..\obj\xwdt.o
                0x00000c18                WDTimerRestart
 .text.xSysCtlClockSet
                0x00000c28      0x210 ..\obj\xsysctl.o
                0x00000c28                xSysCtlClockSet
 .text.TickTimerSetup
                0x00000e38       0x20 ..\obj\HAL.o
                0x00000e38                TickTimerSetup
 .text.TickTimer
                0x00000e58       0x18 ..\obj\HAL.o
                0x00000e58                TickTimer
 .text.SwitchContext
                0x00000e70       0x94 ..\obj\HAL.o
                0x00000e70                SwitchContext
 .text.SwitchContextToFirstTask
                0x00000f04       0x44 ..\obj\HAL.o
                0x00000f04                SwitchContextToFirstTask
 .text.CreateVirtualStack
                0x00000f48       0xb0 ..\obj\HAL.o
                0x00000f48                CreateVirtualStack
 .text.OS_CPU_SR_Save
                0x00000ff8        0x8 ..\obj\HAL.o
                0x00000ff8                OS_CPU_SR_Save
 .text.OS_CPU_SR_Restore
                0x00001000        0x8 ..\obj\HAL.o
                0x00001000                OS_CPU_SR_Restore
 .text.System_Time
                0x00001008       0x2c ..\obj\tasks.o
                0x00001008                System_Time
 .text.OSUpdateUptime
                0x00001034       0x50 ..\obj\OS_RTC.o
                0x00001034                OSUpdateUptime
 .text.OSResetTime
                0x00001084       0x1c ..\obj\OS_RTC.o
                0x00001084                OSResetTime
 .text.UART0SEIntHandler
                0x000010a0       0x30 ..\obj\xuart.o
                0x000010a0                UART0SEIntHandler
 .text.UART1SEIntHandler
                0x000010d0       0x30 ..\obj\xuart.o
                0x000010d0                UART1SEIntHandler
 .text.UART2SEIntHandler
                0x00001100       0x30 ..\obj\xuart.o
                0x00001100                UART2SEIntHandler
 .text          0x00001130       0x9c c:/program files (x86)/gnu tools arm embedded/4.7 2013q1/bin/../lib/gcc/arm-none-eabi/4.7.3/armv6-m\libgcc.a(_udivsi3.o)
                0x00001130                __aeabi_uidiv
                0x00001130                __udivsi3
                0x000011b8                __aeabi_uidivmod
 .text          0x000011cc        0x4 c:/program files (x86)/gnu tools arm embedded/4.7 2013q1/bin/../lib/gcc/arm-none-eabi/4.7.3/armv6-m\libgcc.a(_dvmd_tls.o)
                0x000011cc                __aeabi_idiv0
                0x000011cc                __aeabi_ldiv0
 *(.init)
 *(.fini)
 *crtbegin.o(.ctors)
 *crtbegin?.o(.ctors)
 *(EXCLUDE_FILE(*crtend.o *crtend?.o) .ctors)
 *(SORT(.ctors.*))
 *(.ctors)
 *crtbegin.o(.dtors)
 *crtbegin?.o(.dtors)
 *(EXCLUDE_FILE(*crtend.o *crtend?.o) .dtors)
 *(SORT(.dtors.*))
 *(.dtors)
 *(.rodata*)
 .rodata.str1.4
                0x000011d0       0x14 ..\obj\main_app.o
 .rodata        0x000011e4       0x80 ..\obj\BRTOS.o
                0x000011e4                PriorityMask
 .rodata.str1.4
                0x00001264       0x10 ..\obj\BRTOS.o
 *(.eh_fram e*)

.glue_7         0x00001274        0x0
 .glue_7        0x00000000        0x0 linker stubs

.glue_7t        0x00001274        0x0
 .glue_7t       0x00000000        0x0 linker stubs

.vfp11_veneer   0x00001274        0x0
 .vfp11_veneer  0x00000000        0x0 linker stubs

.v4_bx          0x00001274        0x0
 .v4_bx         0x00000000        0x0 linker stubs

.iplt           0x00001274        0x0
 .iplt          0x00000000        0x0 ..\obj\startup_coide.o

.rel.dyn        0x00001274        0x0
 .rel.iplt      0x00000000        0x0 ..\obj\startup_coide.o

.ARM.extab
 *(.ARM.extab* .gnu.linkonce.armextab.*)
                0x00001274                __exidx_start = .

.ARM.exidx
 *(.ARM.exidx* .gnu.linkonce.armexidx.*)
                0x00001274                __exidx_end = .
                0x00001274                __etext = .
                0x00001274                _sidata = __etext

.data           0x1ffff000       0x14 load address 0x00001274
                0x1ffff000                __data_start__ = .
                0x1ffff000                _sdata = __data_start__
 *(vtable)
 *(.data*)
 .data          0x1ffff000        0xc ..\obj\BRTOS.o
                0x1ffff000                OSBlockedList
                0x1ffff004                StackAddress
                0x1ffff008                version
 .data          0x1ffff00c        0x8 ..\obj\xsysctl.o
                0x1ffff010                normal_run
                0x1ffff014                . = ALIGN (0x4)
                0x1ffff014                PROVIDE (__preinit_array_start, .)
 *(.preinit_array)
                0x1ffff014                PROVIDE (__preinit_array_end, .)
                0x1ffff014                . = ALIGN (0x4)
                0x1ffff014                PROVIDE (__init_array_start, .)
 *(SORT(.init_array.*))
 *(.init_array)
                0x1ffff014                PROVIDE (__init_array_end, .)
                0x1ffff014                . = ALIGN (0x4)
                0x1ffff014                PROVIDE (__fini_array_start, .)
 *(SORT(.fini_array.*))
 *(.fini_array)
                0x1ffff014                PROVIDE (__fini_array_end, .)
 *(.jcr*)
                0x1ffff014                . = ALIGN (0x4)
                0x1ffff014                __data_end__ = .
                0x1ffff014                _edata = __data_end__

.igot.plt       0x1ffff014        0x0 load address 0x00001288
 .igot.plt      0x00000000        0x0 ..\obj\startup_coide.o

.bss            0x1ffff014     0x1768 load address 0x00001288
                0x1ffff014                . = ALIGN (0x4)
                0x1ffff014                __bss_start__ = .
                0x1ffff014                _sbss = __bss_start__
 *(.bss*)
 .bss           0x1ffff014       0x40 ..\obj\xgpio.o
 .bss           0x1ffff054       0x20 ..\obj\BRTOS.o
                0x1ffff056                iNesting
                0x1ffff058                OSReadyList
                0x1ffff05c                TaskAlloc
                0x1ffff060                iStackAddress
                0x1ffff062                DutyCnt
                0x1ffff064                LastOSDuty
                0x1ffff068                OSDutyTmp
                0x1ffff06c                OSDuty
                0x1ffff070                iQueueAddress
 .bss           0x1ffff074        0x4 ..\obj\xwdt.o
 .bss           0x1ffff078       0x18 ..\obj\OS_RTC.o
 .bss           0x1ffff090        0xc ..\obj\xuart.o
 *(COMMON)
 COMMON         0x1ffff09c     0x16dc ..\obj\BRTOS.o
                0x1ffff09c                BRTOS_Sem_Table
                0x1ffff0ec                BRTOS_Queue_Table
                0x1ffff110                NumberOfInstalledTasks
                0x1ffff114                PriorityVector
                0x1ffff134                SelectedTask
                0x1ffff135                currentTask
                0x1ffff138                QUEUE_STACK
                0x1ffff538                BRTOS_Mutex_Table
                0x1ffff568                BRTOS_Mbox_Table
                0x1ffff580                STACK
                0x20000680                Head
                0x20000684                ContextTask
                0x20000774                Tail
 COMMON         0x20000778        0x4 ..\obj\HAL.o
                0x20000778                SPvalue
                0x2000077c                . = ALIGN (0x4)
                0x2000077c                __bss_end__ = .
                0x2000077c                _ebss = __bss_end__

.heap           0x2000077c        0x0
                0x2000077c                __end__ = .
                0x2000077c                _end = __end__
                0x2000077c                end = __end__
 *(.heap*)
                0x2000077c                __HeapLimit = .

.co_stack       0x2000077c      0x404 load address 0x000029f0
                0x20000780                . = ALIGN (0x8)
 *fill*         0x2000077c        0x4 00
 *(.co_stack .co_stack.*)
 .co_stack      0x20000780      0x400 ..\obj\startup_coide.o
                0x20000780                pulStack
                0x20001c00                __StackTop = (ORIGIN (ram) + 0x2c00)
                0x200017fc                __StackLimit = (__StackTop - SIZEOF (.co_stack))
                0x20001c00                PROVIDE (__stack, __StackTop)
                0x00000001                ASSERT ((__StackLimit >= __HeapLimit), region ram  overflowed with stack)
LOAD ..\obj\startup_coide.o
LOAD ..\obj\xdebug.o
LOAD ..\obj\spi.o
LOAD ..\obj\xcore.o
LOAD ..\obj\main_app.o
LOAD ..\obj\xgpio.o
LOAD ..\obj\DAC.o
LOAD ..\obj\BRTOS.o
LOAD ..\obj\main.o
LOAD ..\obj\utils.o
LOAD ..\obj\FLASH.o
LOAD ..\obj\timers.o
LOAD ..\obj\system.o
LOAD ..\obj\xwdt.o
LOAD ..\obj\printf.o
LOAD ..\obj\xsysctl.o
LOAD ..\obj\mbox.o
LOAD ..\obj\HAL.o
LOAD ..\obj\tasks.o
LOAD ..\obj\syscalls.o
LOAD ..\obj\LPO.o
LOAD ..\obj\semaphore.o
LOAD ..\obj\queue.o
LOAD ..\obj\mutex.o
LOAD ..\obj\OS_RTC.o
LOAD ..\obj\accel.o
LOAD ..\obj\UART.o
LOAD ..\obj\FLASH1.o
LOAD ..\obj\cpu.o
LOAD ..\obj\xuart.o
LOAD ..\obj\OSInfo.o
START GROUP
LOAD c:/program files (x86)/gnu tools arm embedded/4.7 2013q1/bin/../lib/gcc/arm-none-eabi/4.7.3/armv6-m\libgcc.a
LOAD c:/program files (x86)/gnu tools arm embedded/4.7 2013q1/bin/../lib/gcc/arm-none-eabi/4.7.3/../../../../arm-none-eabi/lib/armv6-m\libg.a
LOAD c:/program files (x86)/gnu tools arm embedded/4.7 2013q1/bin/../lib/gcc/arm-none-eabi/4.7.3/../../../../arm-none-eabi/lib/armv6-m\libc.a
END GROUP
OUTPUT(BRTOS_FRDM_KL25Z.elf elf32-littlearm)

.debug_info     0x00000000     0x42f0
 .debug_info    0x00000000      0x184 ..\obj\startup_coide.o
 .debug_info    0x00000184      0x15b ..\obj\main_app.o
 .debug_info    0x000002df      0xb1a ..\obj\xgpio.o
 .debug_info    0x00000df9      0xd5a ..\obj\BRTOS.o
 .debug_info    0x00001b53       0xe4 ..\obj\main.o
 .debug_info    0x00001c37       0xab ..\obj\xwdt.o
 .debug_info    0x00001ce2      0xcfd ..\obj\xsysctl.o
 .debug_info    0x000029df      0x486 ..\obj\HAL.o
 .debug_info    0x00002e65      0x15a ..\obj\tasks.o
 .debug_info    0x00002fbf      0x706 ..\obj\OS_RTC.o
 .debug_info    0x000036c5      0xc2b ..\obj\xuart.o

.debug_abbrev   0x00000000     0x116f
 .debug_abbrev  0x00000000       0xf5 ..\obj\startup_coide.o
 .debug_abbrev  0x000000f5       0xc1 ..\obj\main_app.o
 .debug_abbrev  0x000001b6      0x25e ..\obj\xgpio.o
 .debug_abbrev  0x00000414      0x2a5 ..\obj\BRTOS.o
 .debug_abbrev  0x000006b9       0x95 ..\obj\main.o
 .debug_abbrev  0x0000074e       0x6f ..\obj\xwdt.o
 .debug_abbrev  0x000007bd      0x309 ..\obj\xsysctl.o
 .debug_abbrev  0x00000ac6      0x218 ..\obj\HAL.o
 .debug_abbrev  0x00000cde       0xd5 ..\obj\tasks.o
 .debug_abbrev  0x00000db3      0x229 ..\obj\OS_RTC.o
 .debug_abbrev  0x00000fdc      0x193 ..\obj\xuart.o

.debug_loc      0x00000000     0x4950
 .debug_loc     0x00000000       0x7e ..\obj\startup_coide.o
 .debug_loc     0x0000007e       0x2c ..\obj\main_app.o
 .debug_loc     0x000000aa      0xd26 ..\obj\xgpio.o
 .debug_loc     0x00000dd0     0x116d ..\obj\BRTOS.o
 .debug_loc     0x00001f3d       0x20 ..\obj\main.o
 .debug_loc     0x00001f5d     0x1652 ..\obj\xsysctl.o
 .debug_loc     0x000035af      0x1b2 ..\obj\HAL.o
 .debug_loc     0x00003761       0x40 ..\obj\tasks.o
 .debug_loc     0x000037a1      0x50a ..\obj\OS_RTC.o
 .debug_loc     0x00003cab      0xca5 ..\obj\xuart.o

.debug_aranges  0x00000000      0x6b8
 .debug_aranges
                0x00000000       0x30 ..\obj\startup_coide.o
 .debug_aranges
                0x00000030       0x20 ..\obj\main_app.o
 .debug_aranges
                0x00000050       0xf8 ..\obj\xgpio.o
 .debug_aranges
                0x00000148       0xc0 ..\obj\BRTOS.o
 .debug_aranges
                0x00000208       0x20 ..\obj\main.o
 .debug_aranges
                0x00000228       0x38 ..\obj\xwdt.o
 .debug_aranges
                0x00000260      0x188 ..\obj\xsysctl.o
 .debug_aranges
                0x000003e8       0x68 ..\obj\HAL.o
 .debug_aranges
                0x00000450       0x20 ..\obj\tasks.o
 .debug_aranges
                0x00000470       0xa0 ..\obj\OS_RTC.o
 .debug_aranges
                0x00000510      0x1a8 ..\obj\xuart.o

.debug_ranges   0x00000000      0x770
 .debug_ranges  0x00000000       0x20 ..\obj\startup_coide.o
 .debug_ranges  0x00000020       0x10 ..\obj\main_app.o
 .debug_ranges  0x00000030      0x118 ..\obj\xgpio.o
 .debug_ranges  0x00000148      0x110 ..\obj\BRTOS.o
 .debug_ranges  0x00000258       0x10 ..\obj\main.o
 .debug_ranges  0x00000268       0x28 ..\obj\xwdt.o
 .debug_ranges  0x00000290      0x250 ..\obj\xsysctl.o
 .debug_ranges  0x000004e0       0x58 ..\obj\HAL.o
 .debug_ranges  0x00000538       0x10 ..\obj\tasks.o
 .debug_ranges  0x00000548       0x90 ..\obj\OS_RTC.o
 .debug_ranges  0x000005d8      0x198 ..\obj\xuart.o

.debug_line     0x00000000     0x23d6
 .debug_line    0x00000000      0x115 ..\obj\startup_coide.o
 .debug_line    0x00000115       0xd7 ..\obj\main_app.o
 .debug_line    0x000001ec      0x437 ..\obj\xgpio.o
 .debug_line    0x00000623      0x55a ..\obj\BRTOS.o
 .debug_line    0x00000b7d       0xf8 ..\obj\main.o
 .debug_line    0x00000c75       0xdd ..\obj\xwdt.o
 .debug_line    0x00000d52      0x98e ..\obj\xsysctl.o
 .debug_line    0x000016e0      0x2a3 ..\obj\HAL.o
 .debug_line    0x00001983      0x167 ..\obj\tasks.o
 .debug_line    0x00001aea      0x2e7 ..\obj\OS_RTC.o
 .debug_line    0x00001dd1      0x605 ..\obj\xuart.o

.debug_str      0x00000000     0x18cd
 .debug_str     0x00000000      0x166 ..\obj\startup_coide.o
                                0x192 (size before relaxing)
 .debug_str     0x00000166       0x83 ..\obj\main_app.o
                                0x129 (size before relaxing)
 .debug_str     0x000001e9      0x357 ..\obj\xgpio.o
                                0x3fb (size before relaxing)
 .debug_str     0x00000540      0x438 ..\obj\BRTOS.o
                                0x599 (size before relaxing)
 .debug_str     0x00000978       0x89 ..\obj\main.o
                                0x14d (size before relaxing)
 .debug_str     0x00000a01       0xbd ..\obj\xwdt.o
                                0x126 (size before relaxing)
 .debug_str     0x00000abe      0x629 ..\obj\xsysctl.o
                                0x74c (size before relaxing)
 .debug_str     0x000010e7      0x12d ..\obj\HAL.o
                                0x332 (size before relaxing)
 .debug_str     0x00001214       0x7c ..\obj\tasks.o
                                0x197 (size before relaxing)
 .debug_str     0x00001290      0x1be ..\obj\OS_RTC.o
                                0x2d8 (size before relaxing)
 .debug_str     0x0000144e      0x47f ..\obj\xuart.o
                                0x514 (size before relaxing)

.comment        0x00000000       0x70
 .comment       0x00000000       0x70 ..\obj\startup_coide.o
                                 0x71 (size before relaxing)
 .comment       0x00000000       0x71 ..\obj\main_app.o
 .comment       0x00000000       0x71 ..\obj\xgpio.o
 .comment       0x00000000       0x71 ..\obj\BRTOS.o
 .comment       0x00000000       0x71 ..\obj\main.o
 .comment       0x00000000       0x71 ..\obj\xwdt.o
 .comment       0x00000000       0x71 ..\obj\xsysctl.o
 .comment       0x00000000       0x71 ..\obj\HAL.o
 .comment       0x00000000       0x71 ..\obj\tasks.o
 .comment       0x00000000       0x71 ..\obj\OS_RTC.o
 .comment       0x00000000       0x71 ..\obj\xuart.o

.ARM.attributes
                0x00000000       0x32
 .ARM.attributes
                0x00000000       0x32 ..\obj\startup_coide.o
 .ARM.attributes
                0x00000032       0x32 ..\obj\main_app.o
 .ARM.attributes
                0x00000064       0x32 ..\obj\xgpio.o
 .ARM.attributes
                0x00000096       0x32 ..\obj\BRTOS.o
 .ARM.attributes
                0x000000c8       0x32 ..\obj\main.o
 .ARM.attributes
                0x000000fa       0x32 ..\obj\xwdt.o
 .ARM.attributes
                0x0000012c       0x32 ..\obj\xsysctl.o
 .ARM.attributes
                0x0000015e       0x32 ..\obj\HAL.o
 .ARM.attributes
                0x00000190       0x32 ..\obj\tasks.o
 .ARM.attributes
                0x000001c2       0x32 ..\obj\OS_RTC.o
 .ARM.attributes
                0x000001f4       0x32 ..\obj\xuart.o
 .ARM.attributes
                0x00000226       0x1e c:/program files (x86)/gnu tools arm embedded/4.7 2013q1/bin/../lib/gcc/arm-none-eabi/4.7.3/armv6-m\libgcc.a(_udivsi3.o)
 .ARM.attributes
                0x00000244       0x1e c:/program files (x86)/gnu tools arm embedded/4.7 2013q1/bin/../lib/gcc/arm-none-eabi/4.7.3/armv6-m\libgcc.a(_dvmd_tls.o)

.debug_frame    0x00000000     0x10c0
 .debug_frame   0x00000000       0x58 ..\obj\startup_coide.o
 .debug_frame   0x00000058       0x28 ..\obj\main_app.o
 .debug_frame   0x00000080      0x2d4 ..\obj\xgpio.o
 .debug_frame   0x00000354      0x25c ..\obj\BRTOS.o
 .debug_frame   0x000005b0       0x28 ..\obj\main.o
 .debug_frame   0x000005d8       0x50 ..\obj\xwdt.o
 .debug_frame   0x00000628      0x3f4 ..\obj\xsysctl.o
 .debug_frame   0x00000a1c       0xcc ..\obj\HAL.o
 .debug_frame   0x00000ae8       0x28 ..\obj\tasks.o
 .debug_frame   0x00000b10      0x1a4 ..\obj\OS_RTC.o
 .debug_frame   0x00000cb4      0x3ec ..\obj\xuart.o
 .debug_frame   0x000010a0       0x20 c:/program files (x86)/gnu tools arm embedded/4.7 2013q1/bin/../lib/gcc/arm-none-eabi/4.7.3/armv6-m\libgcc.a(_udivsi3.o)
